
> focustask-lifecycle-example@0.2.0 test:e2e
> playwright test

[WebServer] (node:38712) Warning: The 'NO_COLOR' env is ignored due to the 'FORCE_COLOR' env being set.
[WebServer] (Use `node --trace-warnings ...` to show where the warning was created)

Running 60 tests using 1 worker

(node:38724) Warning: The 'NO_COLOR' env is ignored due to the 'FORCE_COLOR' env being set.
(Use `node --trace-warnings ...` to show where the warning was created)
  ✓   1 [chromium] › tests/e2e/core.spec.ts:40:1 › API-01/03/05 and AC-09/10: auth, server permissions and logout (76ms)
  ✓   2 [chromium] › tests/e2e/core.spec.ts:68:1 › AC-01/03/07: empty validation, create once and persist after refresh (916ms)
  ✓   3 [chromium] › tests/e2e/core.spec.ts:85:1 › AC-08/12: lost response retains input; retry recovers same task (552ms)
  ✓   4 [chromium] › tests/e2e/core.spec.ts:127:3 › UI states and keyboard 1440x900 (1.8s)
  ✓   5 [chromium] › tests/e2e/core.spec.ts:127:3 › UI states and keyboard 1024x768 (1.8s)
  ✓   6 [chromium] › tests/e2e/core.spec.ts:127:3 › UI states and keyboard 768x1024 (1.6s)
  ✓   7 [chromium] › tests/e2e/core.spec.ts:127:3 › UI states and keyboard 390x844 (1.7s)
  ✓   8 [chromium] › tests/e2e/core.spec.ts:127:3 › UI states and keyboard 320x844 (1.7s)
  ✓   9 [chromium] › tests/e2e/core.spec.ts:127:3 › UI states and keyboard 1920x1080 (1.8s)
  ✓  10 [chromium] › tests/e2e/core.spec.ts:243:1 › AC-02/06/11: field dates, assignee, archive during open form (558ms)
  ✓  11 [chromium] › tests/e2e/core.spec.ts:280:1 › API-02/06: origin, expired session and failed-login rate limit (267ms)
  ✓  12 [chromium] › tests/e2e/core.spec.ts:326:1 › permission removal while form is open closes it and hides project (443ms)
  ✓  13 [chromium] › tests/e2e/core.spec.ts:362:1 › 200% zoom equivalent layout and long content remain operable (540ms)
  ✓  14 [chromium] › tests/e2e/filter.spec.ts:12:1 › CF-05/06 Viewer, archived filtering and invalid URL recovery (367ms)
  ✓  15 [chromium] › tests/e2e/filter.spec.ts:25:3 › CF-01–07 state, URL, empty, create and race 1440 (817ms)
  ✓  16 [chromium] › tests/e2e/filter.spec.ts:25:3 › CF-01–07 state, URL, empty, create and race 1024 (835ms)
  ✓  17 [chromium] › tests/e2e/filter.spec.ts:25:3 › CF-01–07 state, URL, empty, create and race 768 (772ms)
  ✓  18 [chromium] › tests/e2e/filter.spec.ts:25:3 › CF-01–07 state, URL, empty, create and race 390 (850ms)
  ✓  19 [chromium] › tests/e2e/performance.spec.ts:9:1 › production baseline: 500 tasks, 20 members, page/API/CLS samples (36.8s)
  ✓  20 [chromium] › tests/e2e/zoom.spec.ts:4:1 › actual browser 200% zoom preserves form and core creation (2.5s)
(node:39622) Warning: The 'NO_COLOR' env is ignored due to the 'FORCE_COLOR' env being set.
(Use `node --trace-warnings ...` to show where the warning was created)
  ✓  21 [firefox] › tests/e2e/core.spec.ts:40:1 › API-01/03/05 and AC-09/10: auth, server permissions and logout (53ms)
  ✓  22 [firefox] › tests/e2e/core.spec.ts:68:1 › AC-01/03/07: empty validation, create once and persist after refresh (1.3s)
  ✓  23 [firefox] › tests/e2e/core.spec.ts:85:1 › AC-08/12: lost response retains input; retry recovers same task (683ms)
  ✓  24 [firefox] › tests/e2e/core.spec.ts:127:3 › UI states and keyboard 1440x900 (1.9s)
  ✓  25 [firefox] › tests/e2e/core.spec.ts:127:3 › UI states and keyboard 1024x768 (1.8s)
  ✓  26 [firefox] › tests/e2e/core.spec.ts:127:3 › UI states and keyboard 768x1024 (1.8s)
  ✓  27 [firefox] › tests/e2e/core.spec.ts:127:3 › UI states and keyboard 390x844 (1.7s)
  ✓  28 [firefox] › tests/e2e/core.spec.ts:127:3 › UI states and keyboard 320x844 (1.8s)
  ✓  29 [firefox] › tests/e2e/core.spec.ts:127:3 › UI states and keyboard 1920x1080 (1.9s)
  ✓  30 [firefox] › tests/e2e/core.spec.ts:243:1 › AC-02/06/11: field dates, assignee, archive during open form (635ms)
  ✓  31 [firefox] › tests/e2e/core.spec.ts:280:1 › API-02/06: origin, expired session and failed-login rate limit (271ms)
  ✓  32 [firefox] › tests/e2e/core.spec.ts:326:1 › permission removal while form is open closes it and hides project (935ms)
  ✓  33 [firefox] › tests/e2e/core.spec.ts:362:1 › 200% zoom equivalent layout and long content remain operable (658ms)
  ✓  34 [firefox] › tests/e2e/filter.spec.ts:12:1 › CF-05/06 Viewer, archived filtering and invalid URL recovery (440ms)
  ✓  35 [firefox] › tests/e2e/filter.spec.ts:25:3 › CF-01–07 state, URL, empty, create and race 1440 (985ms)
  ✓  36 [firefox] › tests/e2e/filter.spec.ts:25:3 › CF-01–07 state, URL, empty, create and race 1024 (958ms)
  ✓  37 [firefox] › tests/e2e/filter.spec.ts:25:3 › CF-01–07 state, URL, empty, create and race 768 (936ms)
  ✓  38 [firefox] › tests/e2e/filter.spec.ts:25:3 › CF-01–07 state, URL, empty, create and race 390 (892ms)
  -  39 [firefox] › tests/e2e/performance.spec.ts:9:1 › production baseline: 500 tasks, 20 members, page/API/CLS samples
  -  40 [firefox] › tests/e2e/zoom.spec.ts:4:1 › actual browser 200% zoom preserves form and core creation
(node:39923) Warning: The 'NO_COLOR' env is ignored due to the 'FORCE_COLOR' env being set.
(Use `node --trace-warnings ...` to show where the warning was created)
  ✓  41 [webkit] › tests/e2e/core.spec.ts:40:1 › API-01/03/05 and AC-09/10: auth, server permissions and logout (51ms)
  ✓  42 [webkit] › tests/e2e/core.spec.ts:68:1 › AC-01/03/07: empty validation, create once and persist after refresh (1.2s)
  ✓  43 [webkit] › tests/e2e/core.spec.ts:85:1 › AC-08/12: lost response retains input; retry recovers same task (604ms)
  ✓  44 [webkit] › tests/e2e/core.spec.ts:127:3 › UI states and keyboard 1440x900 (2.5s)
  ✓  45 [webkit] › tests/e2e/core.spec.ts:127:3 › UI states and keyboard 1024x768 (2.1s)
  ✓  46 [webkit] › tests/e2e/core.spec.ts:127:3 › UI states and keyboard 768x1024 (1.9s)
  ✓  47 [webkit] › tests/e2e/core.spec.ts:127:3 › UI states and keyboard 390x844 (1.8s)
  ✓  48 [webkit] › tests/e2e/core.spec.ts:127:3 › UI states and keyboard 320x844 (1.7s)
  ✓  49 [webkit] › tests/e2e/core.spec.ts:127:3 › UI states and keyboard 1920x1080 (2.7s)
  ✓  50 [webkit] › tests/e2e/core.spec.ts:243:1 › AC-02/06/11: field dates, assignee, archive during open form (578ms)
  ✓  51 [webkit] › tests/e2e/core.spec.ts:280:1 › API-02/06: origin, expired session and failed-login rate limit (266ms)
  ✓  52 [webkit] › tests/e2e/core.spec.ts:326:1 › permission removal while form is open closes it and hides project (473ms)
  ✓  53 [webkit] › tests/e2e/core.spec.ts:362:1 › 200% zoom equivalent layout and long content remain operable (676ms)
  ✓  54 [webkit] › tests/e2e/filter.spec.ts:12:1 › CF-05/06 Viewer, archived filtering and invalid URL recovery (421ms)
  ✓  55 [webkit] › tests/e2e/filter.spec.ts:25:3 › CF-01–07 state, URL, empty, create and race 1440 (1.0s)
  ✓  56 [webkit] › tests/e2e/filter.spec.ts:25:3 › CF-01–07 state, URL, empty, create and race 1024 (900ms)
  ✓  57 [webkit] › tests/e2e/filter.spec.ts:25:3 › CF-01–07 state, URL, empty, create and race 768 (888ms)
  ✓  58 [webkit] › tests/e2e/filter.spec.ts:25:3 › CF-01–07 state, URL, empty, create and race 390 (842ms)
  -  59 [webkit] › tests/e2e/performance.spec.ts:9:1 › production baseline: 500 tasks, 20 members, page/API/CLS samples
  -  60 [webkit] › tests/e2e/zoom.spec.ts:4:1 › actual browser 200% zoom preserves form and core creation

  4 skipped
  56 passed (1.7m)
