
> focustask-lifecycle-example@0.1.0 test:e2e
> playwright test

[WebServer] (node:53878) Warning: The 'NO_COLOR' env is ignored due to the 'FORCE_COLOR' env being set.
[WebServer] (Use `node --trace-warnings ...` to show where the warning was created)

Running 36 tests using 1 worker

(node:53891) Warning: The 'NO_COLOR' env is ignored due to the 'FORCE_COLOR' env being set.
(Use `node --trace-warnings ...` to show where the warning was created)
  ✓   1 [chromium] › tests/e2e/core.spec.ts:19:1 › API-01/03/05 and AC-09/10: auth, server permissions and logout (74ms)
  ✓   2 [chromium] › tests/e2e/core.spec.ts:30:1 › AC-01/03/07: empty validation, create once and persist after refresh (1.1s)
  ✓   3 [chromium] › tests/e2e/core.spec.ts:38:1 › AC-08/12: lost response retains input; retry recovers same task (540ms)
  ✘   4 [chromium] › tests/e2e/core.spec.ts:53:3 › UI states and keyboard 1440x900 (865ms)
(node:53966) Warning: The 'NO_COLOR' env is ignored due to the 'FORCE_COLOR' env being set.
(Use `node --trace-warnings ...` to show where the warning was created)
  ✘   5 [chromium] › tests/e2e/core.spec.ts:53:3 › UI states and keyboard 1024x768 (1.1s)
(node:54009) Warning: The 'NO_COLOR' env is ignored due to the 'FORCE_COLOR' env being set.
(Use `node --trace-warnings ...` to show where the warning was created)
  ✓   6 [chromium] › tests/e2e/core.spec.ts:53:3 › UI states and keyboard 768x1024 (1.5s)
  ✓   7 [chromium] › tests/e2e/core.spec.ts:53:3 › UI states and keyboard 390x844 (1.5s)
  ✓   8 [chromium] › tests/e2e/core.spec.ts:53:3 › UI states and keyboard 320x844 (1.4s)
  ✘   9 [chromium] › tests/e2e/core.spec.ts:53:3 › UI states and keyboard 1920x1080 (846ms)
(node:54115) Warning: The 'NO_COLOR' env is ignored due to the 'FORCE_COLOR' env being set.
(Use `node --trace-warnings ...` to show where the warning was created)
  ✘  10 [chromium] › tests/e2e/core.spec.ts:83:1 › AC-02/06/11: field dates, assignee, archive during open form (5.7s)
(node:54210) Warning: The 'NO_COLOR' env is ignored due to the 'FORCE_COLOR' env being set.
(Use `node --trace-warnings ...` to show where the warning was created)
  ✓  11 [chromium] › tests/e2e/core.spec.ts:98:1 › API-02/06: origin, expired session and failed-login rate limit (323ms)
  ✓  12 [chromium] › tests/e2e/core.spec.ts:108:1 › 200% zoom equivalent layout and long content remain operable (885ms)
(node:54249) Warning: The 'NO_COLOR' env is ignored due to the 'FORCE_COLOR' env being set.
(Use `node --trace-warnings ...` to show where the warning was created)
  ✓  13 [firefox] › tests/e2e/core.spec.ts:19:1 › API-01/03/05 and AC-09/10: auth, server permissions and logout (67ms)
  ✓  14 [firefox] › tests/e2e/core.spec.ts:30:1 › AC-01/03/07: empty validation, create once and persist after refresh (1.5s)
  ✓  15 [firefox] › tests/e2e/core.spec.ts:38:1 › AC-08/12: lost response retains input; retry recovers same task (671ms)
  ✘  16 [firefox] › tests/e2e/core.spec.ts:53:3 › UI states and keyboard 1440x900 (1.1s)
(node:54359) Warning: The 'NO_COLOR' env is ignored due to the 'FORCE_COLOR' env being set.
(Use `node --trace-warnings ...` to show where the warning was created)
  ✘  17 [firefox] › tests/e2e/core.spec.ts:53:3 › UI states and keyboard 1024x768 (1.8s)
(node:54408) Warning: The 'NO_COLOR' env is ignored due to the 'FORCE_COLOR' env being set.
(Use `node --trace-warnings ...` to show where the warning was created)
  ✓  18 [firefox] › tests/e2e/core.spec.ts:53:3 › UI states and keyboard 768x1024 (2.4s)
  ✓  19 [firefox] › tests/e2e/core.spec.ts:53:3 › UI states and keyboard 390x844 (1.6s)
  ✓  20 [firefox] › tests/e2e/core.spec.ts:53:3 › UI states and keyboard 320x844 (1.5s)
  ✘  21 [firefox] › tests/e2e/core.spec.ts:53:3 › UI states and keyboard 1920x1080 (1.1s)
(node:54509) Warning: The 'NO_COLOR' env is ignored due to the 'FORCE_COLOR' env being set.
(Use `node --trace-warnings ...` to show where the warning was created)
  ✘  22 [firefox] › tests/e2e/core.spec.ts:83:1 › AC-02/06/11: field dates, assignee, archive during open form (6.3s)
(node:54617) Warning: The 'NO_COLOR' env is ignored due to the 'FORCE_COLOR' env being set.
(Use `node --trace-warnings ...` to show where the warning was created)
  ✓  23 [firefox] › tests/e2e/core.spec.ts:98:1 › API-02/06: origin, expired session and failed-login rate limit (305ms)
  ✓  24 [firefox] › tests/e2e/core.spec.ts:108:1 › 200% zoom equivalent layout and long content remain operable (1.4s)
(node:54652) Warning: The 'NO_COLOR' env is ignored due to the 'FORCE_COLOR' env being set.
(Use `node --trace-warnings ...` to show where the warning was created)
  ✓  25 [webkit] › tests/e2e/core.spec.ts:19:1 › API-01/03/05 and AC-09/10: auth, server permissions and logout (56ms)
  ✘  26 [webkit] › tests/e2e/core.spec.ts:30:1 › AC-01/03/07: empty validation, create once and persist after refresh (0ms)
(node:54654) Warning: The 'NO_COLOR' env is ignored due to the 'FORCE_COLOR' env being set.
(Use `node --trace-warnings ...` to show where the warning was created)
  ✘  27 [webkit] › tests/e2e/core.spec.ts:38:1 › AC-08/12: lost response retains input; retry recovers same task (0ms)
(node:54666) Warning: The 'NO_COLOR' env is ignored due to the 'FORCE_COLOR' env being set.
(Use `node --trace-warnings ...` to show where the warning was created)
  ✘  28 [webkit] › tests/e2e/core.spec.ts:53:3 › UI states and keyboard 1440x900 (0ms)
(node:54667) Warning: The 'NO_COLOR' env is ignored due to the 'FORCE_COLOR' env being set.
(Use `node --trace-warnings ...` to show where the warning was created)
  ✘  29 [webkit] › tests/e2e/core.spec.ts:53:3 › UI states and keyboard 1024x768 (0ms)
(node:54668) Warning: The 'NO_COLOR' env is ignored due to the 'FORCE_COLOR' env being set.
(Use `node --trace-warnings ...` to show where the warning was created)
  ✘  30 [webkit] › tests/e2e/core.spec.ts:53:3 › UI states and keyboard 768x1024 (0ms)
(node:54673) Warning: The 'NO_COLOR' env is ignored due to the 'FORCE_COLOR' env being set.
(Use `node --trace-warnings ...` to show where the warning was created)
  ✘  31 [webkit] › tests/e2e/core.spec.ts:53:3 › UI states and keyboard 390x844 (0ms)
(node:54676) Warning: The 'NO_COLOR' env is ignored due to the 'FORCE_COLOR' env being set.
(Use `node --trace-warnings ...` to show where the warning was created)
  ✘  32 [webkit] › tests/e2e/core.spec.ts:53:3 › UI states and keyboard 320x844 (0ms)
(node:54685) Warning: The 'NO_COLOR' env is ignored due to the 'FORCE_COLOR' env being set.
(Use `node --trace-warnings ...` to show where the warning was created)
  ✘  33 [webkit] › tests/e2e/core.spec.ts:53:3 › UI states and keyboard 1920x1080 (0ms)
(node:54686) Warning: The 'NO_COLOR' env is ignored due to the 'FORCE_COLOR' env being set.
(Use `node --trace-warnings ...` to show where the warning was created)
  ✘  34 [webkit] › tests/e2e/core.spec.ts:83:1 › AC-02/06/11: field dates, assignee, archive during open form (0ms)
(node:54687) Warning: The 'NO_COLOR' env is ignored due to the 'FORCE_COLOR' env being set.
(Use `node --trace-warnings ...` to show where the warning was created)
  ✓  35 [webkit] › tests/e2e/core.spec.ts:98:1 › API-02/06: origin, expired session and failed-login rate limit (313ms)
  ✘  36 [webkit] › tests/e2e/core.spec.ts:108:1 › 200% zoom equivalent layout and long content remain operable (0ms)


  1) [chromium] › tests/e2e/core.spec.ts:53:3 › UI states and keyboard 1440x900 ────────────────────

    Error: expect(received).toEqual(expected) // deep equality

    - Expected  -  1
    + Received  + 93

    - Array []
    + Array [
    +   Object {
    +     "description": "Ensure the contrast between foreground and background colors meets WCAG 2 AA minimum contrast ratio thresholds",
    +     "help": "Elements must meet minimum color contrast ratio thresholds",
    +     "helpUrl": "https://dequeuniversity.com/rules/axe/4.13/color-contrast?application=playwright",
    +     "id": "color-contrast",
    +     "impact": "serious",
    +     "nodes": Array [
    +       Object {
    +         "all": Array [],
    +         "any": Array [
    +           Object {
    +             "data": Object {
    +               "bgColor": "#eef3eb",
    +               "contrastRatio": 4.41,
    +               "expectedContrastRatio": "4.5:1",
    +               "fgColor": "#667085",
    +               "fontSize": "8.3pt (11px)",
    +               "fontWeight": "normal",
    +               "messageKey": null,
    +             },
    +             "id": "color-contrast",
    +             "impact": "serious",
    +             "message": "Element has insufficient color contrast of 4.41 (foreground color: #667085, background color: #eef3eb, font size: 8.3pt (11px), font weight: normal). Expected contrast ratio of 4.5:1",
    +             "relatedNodes": Array [
    +               Object {
    +                 "html": "<aside class=\"ui_sidebar__ueGPi\" data-aria-hidden=\"true\" aria-hidden=\"true\">",
    +                 "target": Array [
    +                   "aside",
    +                 ],
    +               },
    +             ],
    +           },
    +         ],
    +         "failureSummary": "Fix any of the following:
    +   Element has insufficient color contrast of 4.41 (foreground color: #667085, background color: #eef3eb, font size: 8.3pt (11px), font weight: normal). Expected contrast ratio of 4.5:1",
    +         "html": "<div class=\"ui_navLabel__28xzA\">工作空间</div>",
    +         "impact": "serious",
    +         "none": Array [],
    +         "target": Array [
    +           ".ui_navLabel__28xzA",
    +         ],
    +       },
    +       Object {
    +         "all": Array [],
    +         "any": Array [
    +           Object {
    +             "data": Object {
    +               "bgColor": "#eef3eb",
    +               "contrastRatio": 4.41,
    +               "expectedContrastRatio": "4.5:1",
    +               "fgColor": "#667085",
    +               "fontSize": "9.0pt (12px)",
    +               "fontWeight": "normal",
    +               "messageKey": null,
    +             },
    +             "id": "color-contrast",
    +             "impact": "serious",
    +             "message": "Element has insufficient color contrast of 4.41 (foreground color: #667085, background color: #eef3eb, font size: 9.0pt (12px), font weight: normal). Expected contrast ratio of 4.5:1",
    +             "relatedNodes": Array [
    +               Object {
    +                 "html": "<aside class=\"ui_sidebar__ueGPi\" data-aria-hidden=\"true\" aria-hidden=\"true\">",
    +                 "target": Array [
    +                   "aside",
    +                 ],
    +               },
    +             ],
    +           },
    +         ],
    +         "failureSummary": "Fix any of the following:
    +   Element has insufficient color contrast of 4.41 (foreground color: #667085, background color: #eef3eb, font size: 9.0pt (12px), font weight: normal). Expected contrast ratio of 4.5:1",
    +         "html": "<span>把注意力留给重要的事</span>",
    +         "impact": "serious",
    +         "none": Array [],
    +         "target": Array [
    +           ".ui_sidebarBottom__s5_Nl > span",
    +         ],
    +       },
    +     ],
    +     "tags": Array [
    +       "cat.color",
    +       "wcag2aa",
    +       "wcag143",
    +       "TTv5",
    +       "TT13.c",
    +       "EN-301-549",
    +       "EN-9.1.4.3",
    +       "ACT",
    +       "RGAAv4",
    +       "RGAA-3.2.1",
    +     ],
    +   },
    + ]

      61 |     await page.getByRole('button', { name: '创建任务', exact: true }).click(); await expect(page.getByText('请输入任务标题')).toBeVisible();
      62 |     await page.screenshot({ path: `.runtime/screenshots/${width}-field-error.png`, fullPage: true });
    > 63 |     const scan = await new AxeBuilder({ page }).analyze(); expect(scan.violations.filter(v => ['serious', 'critical'].includes(v.impact ?? ''))).toEqual([]);
         |                                                                                                                                                  ^
      64 |     await page.keyboard.press('Escape'); await expect(page.getByRole('dialog')).not.toBeVisible(); await expect(page.getByRole('button', { name: '新建任务', exact: true })).toBeFocused();
      65 |     await page.goto(`/projects/${empty}/tasks`); await expect(page.getByRole('heading', { name: '还没有任务' })).toBeVisible(); await page.screenshot({ path: `.runtime/screenshots/${width}-empty.png`, fullPage: true });
      66 |     await page.goto(`/projects/${archived}/tasks`); await expect(page.getByText('该项目已归档，只能查看')).toBeVisible(); await expect(page.getByRole('button', { name: '新建任务', exact: true })).toHaveCount(0); await page.screenshot({ path: `.runtime/screenshots/${width}-archived.png`, fullPage: true });
        at /Users/chenzhenyang/Codes/AI-Driven Software Engineering/examples/focustask/app/tests/e2e/core.spec.ts:63:146

    attachment #1: screenshot (image/png) ──────────────────────────────────────────────────────────
    test-results/core-UI-states-and-keyboard-1440x900-chromium/test-failed-1.png
    ────────────────────────────────────────────────────────────────────────────────────────────────

    Error Context: test-results/core-UI-states-and-keyboard-1440x900-chromium/error-context.md

    Error Context: test-results/core-UI-states-and-keyboard-1440x900-chromium/error-context.md

    attachment #4: trace (application/zip) ─────────────────────────────────────────────────────────
    test-results/core-UI-states-and-keyboard-1440x900-chromium/trace.zip
    Usage:

        npx playwright show-trace test-results/core-UI-states-and-keyboard-1440x900-chromium/trace.zip

    ────────────────────────────────────────────────────────────────────────────────────────────────

  2) [chromium] › tests/e2e/core.spec.ts:53:3 › UI states and keyboard 1024x768 ────────────────────

    Error: expect(received).toEqual(expected) // deep equality

    - Expected  -  1
    + Received  + 93

    - Array []
    + Array [
    +   Object {
    +     "description": "Ensure the contrast between foreground and background colors meets WCAG 2 AA minimum contrast ratio thresholds",
    +     "help": "Elements must meet minimum color contrast ratio thresholds",
    +     "helpUrl": "https://dequeuniversity.com/rules/axe/4.13/color-contrast?application=playwright",
    +     "id": "color-contrast",
    +     "impact": "serious",
    +     "nodes": Array [
    +       Object {
    +         "all": Array [],
    +         "any": Array [
    +           Object {
    +             "data": Object {
    +               "bgColor": "#eef3eb",
    +               "contrastRatio": 4.41,
    +               "expectedContrastRatio": "4.5:1",
    +               "fgColor": "#667085",
    +               "fontSize": "8.3pt (11px)",
    +               "fontWeight": "normal",
    +               "messageKey": null,
    +             },
    +             "id": "color-contrast",
    +             "impact": "serious",
    +             "message": "Element has insufficient color contrast of 4.41 (foreground color: #667085, background color: #eef3eb, font size: 8.3pt (11px), font weight: normal). Expected contrast ratio of 4.5:1",
    +             "relatedNodes": Array [
    +               Object {
    +                 "html": "<aside class=\"ui_sidebar__ueGPi\" data-aria-hidden=\"true\" aria-hidden=\"true\">",
    +                 "target": Array [
    +                   "aside",
    +                 ],
    +               },
    +             ],
    +           },
    +         ],
    +         "failureSummary": "Fix any of the following:
    +   Element has insufficient color contrast of 4.41 (foreground color: #667085, background color: #eef3eb, font size: 8.3pt (11px), font weight: normal). Expected contrast ratio of 4.5:1",
    +         "html": "<div class=\"ui_navLabel__28xzA\">工作空间</div>",
    +         "impact": "serious",
    +         "none": Array [],
    +         "target": Array [
    +           ".ui_navLabel__28xzA",
    +         ],
    +       },
    +       Object {
    +         "all": Array [],
    +         "any": Array [
    +           Object {
    +             "data": Object {
    +               "bgColor": "#eef3eb",
    +               "contrastRatio": 4.41,
    +               "expectedContrastRatio": "4.5:1",
    +               "fgColor": "#667085",
    +               "fontSize": "9.0pt (12px)",
    +               "fontWeight": "normal",
    +               "messageKey": null,
    +             },
    +             "id": "color-contrast",
    +             "impact": "serious",
    +             "message": "Element has insufficient color contrast of 4.41 (foreground color: #667085, background color: #eef3eb, font size: 9.0pt (12px), font weight: normal). Expected contrast ratio of 4.5:1",
    +             "relatedNodes": Array [
    +               Object {
    +                 "html": "<aside class=\"ui_sidebar__ueGPi\" data-aria-hidden=\"true\" aria-hidden=\"true\">",
    +                 "target": Array [
    +                   "aside",
    +                 ],
    +               },
    +             ],
    +           },
    +         ],
    +         "failureSummary": "Fix any of the following:
    +   Element has insufficient color contrast of 4.41 (foreground color: #667085, background color: #eef3eb, font size: 9.0pt (12px), font weight: normal). Expected contrast ratio of 4.5:1",
    +         "html": "<span>把注意力留给重要的事</span>",
    +         "impact": "serious",
    +         "none": Array [],
    +         "target": Array [
    +           ".ui_sidebarBottom__s5_Nl > span",
    +         ],
    +       },
    +     ],
    +     "tags": Array [
    +       "cat.color",
    +       "wcag2aa",
    +       "wcag143",
    +       "TTv5",
    +       "TT13.c",
    +       "EN-301-549",
    +       "EN-9.1.4.3",
    +       "ACT",
    +       "RGAAv4",
    +       "RGAA-3.2.1",
    +     ],
    +   },
    + ]

      61 |     await page.getByRole('button', { name: '创建任务', exact: true }).click(); await expect(page.getByText('请输入任务标题')).toBeVisible();
      62 |     await page.screenshot({ path: `.runtime/screenshots/${width}-field-error.png`, fullPage: true });
    > 63 |     const scan = await new AxeBuilder({ page }).analyze(); expect(scan.violations.filter(v => ['serious', 'critical'].includes(v.impact ?? ''))).toEqual([]);
         |                                                                                                                                                  ^
      64 |     await page.keyboard.press('Escape'); await expect(page.getByRole('dialog')).not.toBeVisible(); await expect(page.getByRole('button', { name: '新建任务', exact: true })).toBeFocused();
      65 |     await page.goto(`/projects/${empty}/tasks`); await expect(page.getByRole('heading', { name: '还没有任务' })).toBeVisible(); await page.screenshot({ path: `.runtime/screenshots/${width}-empty.png`, fullPage: true });
      66 |     await page.goto(`/projects/${archived}/tasks`); await expect(page.getByText('该项目已归档，只能查看')).toBeVisible(); await expect(page.getByRole('button', { name: '新建任务', exact: true })).toHaveCount(0); await page.screenshot({ path: `.runtime/screenshots/${width}-archived.png`, fullPage: true });
        at /Users/chenzhenyang/Codes/AI-Driven Software Engineering/examples/focustask/app/tests/e2e/core.spec.ts:63:146

    attachment #1: screenshot (image/png) ──────────────────────────────────────────────────────────
    test-results/core-UI-states-and-keyboard-1024x768-chromium/test-failed-1.png
    ────────────────────────────────────────────────────────────────────────────────────────────────

    Error Context: test-results/core-UI-states-and-keyboard-1024x768-chromium/error-context.md

    Error Context: test-results/core-UI-states-and-keyboard-1024x768-chromium/error-context.md

    attachment #4: trace (application/zip) ─────────────────────────────────────────────────────────
    test-results/core-UI-states-and-keyboard-1024x768-chromium/trace.zip
    Usage:

        npx playwright show-trace test-results/core-UI-states-and-keyboard-1024x768-chromium/trace.zip

    ────────────────────────────────────────────────────────────────────────────────────────────────

  3) [chromium] › tests/e2e/core.spec.ts:53:3 › UI states and keyboard 1920x1080 ───────────────────

    Error: expect(received).toEqual(expected) // deep equality

    - Expected  -  1
    + Received  + 93

    - Array []
    + Array [
    +   Object {
    +     "description": "Ensure the contrast between foreground and background colors meets WCAG 2 AA minimum contrast ratio thresholds",
    +     "help": "Elements must meet minimum color contrast ratio thresholds",
    +     "helpUrl": "https://dequeuniversity.com/rules/axe/4.13/color-contrast?application=playwright",
    +     "id": "color-contrast",
    +     "impact": "serious",
    +     "nodes": Array [
    +       Object {
    +         "all": Array [],
    +         "any": Array [
    +           Object {
    +             "data": Object {
    +               "bgColor": "#eef3eb",
    +               "contrastRatio": 4.41,
    +               "expectedContrastRatio": "4.5:1",
    +               "fgColor": "#667085",
    +               "fontSize": "8.3pt (11px)",
    +               "fontWeight": "normal",
    +               "messageKey": null,
    +             },
    +             "id": "color-contrast",
    +             "impact": "serious",
    +             "message": "Element has insufficient color contrast of 4.41 (foreground color: #667085, background color: #eef3eb, font size: 8.3pt (11px), font weight: normal). Expected contrast ratio of 4.5:1",
    +             "relatedNodes": Array [
    +               Object {
    +                 "html": "<aside class=\"ui_sidebar__ueGPi\" data-aria-hidden=\"true\" aria-hidden=\"true\">",
    +                 "target": Array [
    +                   "aside",
    +                 ],
    +               },
    +             ],
    +           },
    +         ],
    +         "failureSummary": "Fix any of the following:
    +   Element has insufficient color contrast of 4.41 (foreground color: #667085, background color: #eef3eb, font size: 8.3pt (11px), font weight: normal). Expected contrast ratio of 4.5:1",
    +         "html": "<div class=\"ui_navLabel__28xzA\">工作空间</div>",
    +         "impact": "serious",
    +         "none": Array [],
    +         "target": Array [
    +           ".ui_navLabel__28xzA",
    +         ],
    +       },
    +       Object {
    +         "all": Array [],
    +         "any": Array [
    +           Object {
    +             "data": Object {
    +               "bgColor": "#eef3eb",
    +               "contrastRatio": 4.41,
    +               "expectedContrastRatio": "4.5:1",
    +               "fgColor": "#667085",
    +               "fontSize": "9.0pt (12px)",
    +               "fontWeight": "normal",
    +               "messageKey": null,
    +             },
    +             "id": "color-contrast",
    +             "impact": "serious",
    +             "message": "Element has insufficient color contrast of 4.41 (foreground color: #667085, background color: #eef3eb, font size: 9.0pt (12px), font weight: normal). Expected contrast ratio of 4.5:1",
    +             "relatedNodes": Array [
    +               Object {
    +                 "html": "<aside class=\"ui_sidebar__ueGPi\" data-aria-hidden=\"true\" aria-hidden=\"true\">",
    +                 "target": Array [
    +                   "aside",
    +                 ],
    +               },
    +             ],
    +           },
    +         ],
    +         "failureSummary": "Fix any of the following:
    +   Element has insufficient color contrast of 4.41 (foreground color: #667085, background color: #eef3eb, font size: 9.0pt (12px), font weight: normal). Expected contrast ratio of 4.5:1",
    +         "html": "<span>把注意力留给重要的事</span>",
    +         "impact": "serious",
    +         "none": Array [],
    +         "target": Array [
    +           ".ui_sidebarBottom__s5_Nl > span",
    +         ],
    +       },
    +     ],
    +     "tags": Array [
    +       "cat.color",
    +       "wcag2aa",
    +       "wcag143",
    +       "TTv5",
    +       "TT13.c",
    +       "EN-301-549",
    +       "EN-9.1.4.3",
    +       "ACT",
    +       "RGAAv4",
    +       "RGAA-3.2.1",
    +     ],
    +   },
    + ]

      61 |     await page.getByRole('button', { name: '创建任务', exact: true }).click(); await expect(page.getByText('请输入任务标题')).toBeVisible();
      62 |     await page.screenshot({ path: `.runtime/screenshots/${width}-field-error.png`, fullPage: true });
    > 63 |     const scan = await new AxeBuilder({ page }).analyze(); expect(scan.violations.filter(v => ['serious', 'critical'].includes(v.impact ?? ''))).toEqual([]);
         |                                                                                                                                                  ^
      64 |     await page.keyboard.press('Escape'); await expect(page.getByRole('dialog')).not.toBeVisible(); await expect(page.getByRole('button', { name: '新建任务', exact: true })).toBeFocused();
      65 |     await page.goto(`/projects/${empty}/tasks`); await expect(page.getByRole('heading', { name: '还没有任务' })).toBeVisible(); await page.screenshot({ path: `.runtime/screenshots/${width}-empty.png`, fullPage: true });
      66 |     await page.goto(`/projects/${archived}/tasks`); await expect(page.getByText('该项目已归档，只能查看')).toBeVisible(); await expect(page.getByRole('button', { name: '新建任务', exact: true })).toHaveCount(0); await page.screenshot({ path: `.runtime/screenshots/${width}-archived.png`, fullPage: true });
        at /Users/chenzhenyang/Codes/AI-Driven Software Engineering/examples/focustask/app/tests/e2e/core.spec.ts:63:146

    attachment #1: screenshot (image/png) ──────────────────────────────────────────────────────────
    test-results/core-UI-states-and-keyboard-1920x1080-chromium/test-failed-1.png
    ────────────────────────────────────────────────────────────────────────────────────────────────

    Error Context: test-results/core-UI-states-and-keyboard-1920x1080-chromium/error-context.md

    Error Context: test-results/core-UI-states-and-keyboard-1920x1080-chromium/error-context.md

    attachment #4: trace (application/zip) ─────────────────────────────────────────────────────────
    test-results/core-UI-states-and-keyboard-1920x1080-chromium/trace.zip
    Usage:

        npx playwright show-trace test-results/core-UI-states-and-keyboard-1920x1080-chromium/trace.zip

    ────────────────────────────────────────────────────────────────────────────────────────────────

  4) [chromium] › tests/e2e/core.spec.ts:83:1 › AC-02/06/11: field dates, assignee, archive during open form 

    Error: expect(locator).toBeFocused() failed

    Locator:  getByLabel('截止日期')
    Expected: focused
    Received: inactive
    Timeout:  5000ms

    Call log:
      - Expect "toBeFocused" getByLabel('截止日期') with timeout 5000ms
      - waiting for getByLabel('截止日期')
        14 × locator resolved to <input type="date" id="task-dueDate" value="2000-01-01" aria-invalid="true" aria-describedby="date-error"/>
           - unexpected value "inactive"


      86 |   await page.getByLabel('任务标题').fill('归档期间的表单');
      87 |   await page.getByLabel('截止日期').fill('2000-01-01'); await page.getByRole('button', { name: '创建任务', exact: true }).click();
    > 88 |   await expect(page.getByText('截止日期不能早于今天')).toBeVisible(); await expect(page.getByLabel('截止日期')).toBeFocused();
         |                                                                                                   ^
      89 |   await page.getByLabel('截止日期').fill('2099-01-01');
      90 |   await page.getByLabel('负责人').selectOption('10000000-0000-4000-8000-000000000002');
      91 |   const before = await db.task.count({ where: { projectId: empty } });
        at /Users/chenzhenyang/Codes/AI-Driven Software Engineering/examples/focustask/app/tests/e2e/core.spec.ts:88:99

    attachment #1: screenshot (image/png) ──────────────────────────────────────────────────────────
    test-results/core-AC-02-06-11-field-dat-f7696-ee-archive-during-open-form-chromium/test-failed-1.png
    ────────────────────────────────────────────────────────────────────────────────────────────────

    Error Context: test-results/core-AC-02-06-11-field-dat-f7696-ee-archive-during-open-form-chromium/error-context.md

    Error Context: test-results/core-AC-02-06-11-field-dat-f7696-ee-archive-during-open-form-chromium/error-context.md

    attachment #4: trace (application/zip) ─────────────────────────────────────────────────────────
    test-results/core-AC-02-06-11-field-dat-f7696-ee-archive-during-open-form-chromium/trace.zip
    Usage:

        npx playwright show-trace test-results/core-AC-02-06-11-field-dat-f7696-ee-archive-during-open-form-chromium/trace.zip

    ────────────────────────────────────────────────────────────────────────────────────────────────

  5) [firefox] › tests/e2e/core.spec.ts:53:3 › UI states and keyboard 1440x900 ─────────────────────

    Error: expect(received).toEqual(expected) // deep equality

    - Expected  -  1
    + Received  + 93

    - Array []
    + Array [
    +   Object {
    +     "description": "Ensure the contrast between foreground and background colors meets WCAG 2 AA minimum contrast ratio thresholds",
    +     "help": "Elements must meet minimum color contrast ratio thresholds",
    +     "helpUrl": "https://dequeuniversity.com/rules/axe/4.13/color-contrast?application=playwright",
    +     "id": "color-contrast",
    +     "impact": "serious",
    +     "nodes": Array [
    +       Object {
    +         "all": Array [],
    +         "any": Array [
    +           Object {
    +             "data": Object {
    +               "bgColor": "#eef3eb",
    +               "contrastRatio": 4.41,
    +               "expectedContrastRatio": "4.5:1",
    +               "fgColor": "#667085",
    +               "fontSize": "8.3pt (11px)",
    +               "fontWeight": "normal",
    +               "messageKey": null,
    +             },
    +             "id": "color-contrast",
    +             "impact": "serious",
    +             "message": "Element has insufficient color contrast of 4.41 (foreground color: #667085, background color: #eef3eb, font size: 8.3pt (11px), font weight: normal). Expected contrast ratio of 4.5:1",
    +             "relatedNodes": Array [
    +               Object {
    +                 "html": "<aside class=\"ui_sidebar__ueGPi\" data-aria-hidden=\"true\" aria-hidden=\"true\">",
    +                 "target": Array [
    +                   "aside",
    +                 ],
    +               },
    +             ],
    +           },
    +         ],
    +         "failureSummary": "Fix any of the following:
    +   Element has insufficient color contrast of 4.41 (foreground color: #667085, background color: #eef3eb, font size: 8.3pt (11px), font weight: normal). Expected contrast ratio of 4.5:1",
    +         "html": "<div class=\"ui_navLabel__28xzA\">工作空间</div>",
    +         "impact": "serious",
    +         "none": Array [],
    +         "target": Array [
    +           ".ui_navLabel__28xzA",
    +         ],
    +       },
    +       Object {
    +         "all": Array [],
    +         "any": Array [
    +           Object {
    +             "data": Object {
    +               "bgColor": "#eef3eb",
    +               "contrastRatio": 4.41,
    +               "expectedContrastRatio": "4.5:1",
    +               "fgColor": "#667085",
    +               "fontSize": "9.0pt (12px)",
    +               "fontWeight": "normal",
    +               "messageKey": null,
    +             },
    +             "id": "color-contrast",
    +             "impact": "serious",
    +             "message": "Element has insufficient color contrast of 4.41 (foreground color: #667085, background color: #eef3eb, font size: 9.0pt (12px), font weight: normal). Expected contrast ratio of 4.5:1",
    +             "relatedNodes": Array [
    +               Object {
    +                 "html": "<aside class=\"ui_sidebar__ueGPi\" data-aria-hidden=\"true\" aria-hidden=\"true\">",
    +                 "target": Array [
    +                   "aside",
    +                 ],
    +               },
    +             ],
    +           },
    +         ],
    +         "failureSummary": "Fix any of the following:
    +   Element has insufficient color contrast of 4.41 (foreground color: #667085, background color: #eef3eb, font size: 9.0pt (12px), font weight: normal). Expected contrast ratio of 4.5:1",
    +         "html": "<span>把注意力留给重要的事</span>",
    +         "impact": "serious",
    +         "none": Array [],
    +         "target": Array [
    +           ".ui_sidebarBottom__s5_Nl > span",
    +         ],
    +       },
    +     ],
    +     "tags": Array [
    +       "cat.color",
    +       "wcag2aa",
    +       "wcag143",
    +       "TTv5",
    +       "TT13.c",
    +       "EN-301-549",
    +       "EN-9.1.4.3",
    +       "ACT",
    +       "RGAAv4",
    +       "RGAA-3.2.1",
    +     ],
    +   },
    + ]

      61 |     await page.getByRole('button', { name: '创建任务', exact: true }).click(); await expect(page.getByText('请输入任务标题')).toBeVisible();
      62 |     await page.screenshot({ path: `.runtime/screenshots/${width}-field-error.png`, fullPage: true });
    > 63 |     const scan = await new AxeBuilder({ page }).analyze(); expect(scan.violations.filter(v => ['serious', 'critical'].includes(v.impact ?? ''))).toEqual([]);
         |                                                                                                                                                  ^
      64 |     await page.keyboard.press('Escape'); await expect(page.getByRole('dialog')).not.toBeVisible(); await expect(page.getByRole('button', { name: '新建任务', exact: true })).toBeFocused();
      65 |     await page.goto(`/projects/${empty}/tasks`); await expect(page.getByRole('heading', { name: '还没有任务' })).toBeVisible(); await page.screenshot({ path: `.runtime/screenshots/${width}-empty.png`, fullPage: true });
      66 |     await page.goto(`/projects/${archived}/tasks`); await expect(page.getByText('该项目已归档，只能查看')).toBeVisible(); await expect(page.getByRole('button', { name: '新建任务', exact: true })).toHaveCount(0); await page.screenshot({ path: `.runtime/screenshots/${width}-archived.png`, fullPage: true });
        at /Users/chenzhenyang/Codes/AI-Driven Software Engineering/examples/focustask/app/tests/e2e/core.spec.ts:63:146

    attachment #1: screenshot (image/png) ──────────────────────────────────────────────────────────
    test-results/core-UI-states-and-keyboard-1440x900-firefox/test-failed-1.png
    ────────────────────────────────────────────────────────────────────────────────────────────────

    Error Context: test-results/core-UI-states-and-keyboard-1440x900-firefox/error-context.md

    Error Context: test-results/core-UI-states-and-keyboard-1440x900-firefox/error-context.md

    attachment #4: trace (application/zip) ─────────────────────────────────────────────────────────
    test-results/core-UI-states-and-keyboard-1440x900-firefox/trace.zip
    Usage:

        npx playwright show-trace test-results/core-UI-states-and-keyboard-1440x900-firefox/trace.zip

    ────────────────────────────────────────────────────────────────────────────────────────────────

  6) [firefox] › tests/e2e/core.spec.ts:53:3 › UI states and keyboard 1024x768 ─────────────────────

    Error: expect(received).toEqual(expected) // deep equality

    - Expected  -  1
    + Received  + 93

    - Array []
    + Array [
    +   Object {
    +     "description": "Ensure the contrast between foreground and background colors meets WCAG 2 AA minimum contrast ratio thresholds",
    +     "help": "Elements must meet minimum color contrast ratio thresholds",
    +     "helpUrl": "https://dequeuniversity.com/rules/axe/4.13/color-contrast?application=playwright",
    +     "id": "color-contrast",
    +     "impact": "serious",
    +     "nodes": Array [
    +       Object {
    +         "all": Array [],
    +         "any": Array [
    +           Object {
    +             "data": Object {
    +               "bgColor": "#eef3eb",
    +               "contrastRatio": 4.41,
    +               "expectedContrastRatio": "4.5:1",
    +               "fgColor": "#667085",
    +               "fontSize": "8.3pt (11px)",
    +               "fontWeight": "normal",
    +               "messageKey": null,
    +             },
    +             "id": "color-contrast",
    +             "impact": "serious",
    +             "message": "Element has insufficient color contrast of 4.41 (foreground color: #667085, background color: #eef3eb, font size: 8.3pt (11px), font weight: normal). Expected contrast ratio of 4.5:1",
    +             "relatedNodes": Array [
    +               Object {
    +                 "html": "<aside class=\"ui_sidebar__ueGPi\" data-aria-hidden=\"true\" aria-hidden=\"true\">",
    +                 "target": Array [
    +                   "aside",
    +                 ],
    +               },
    +             ],
    +           },
    +         ],
    +         "failureSummary": "Fix any of the following:
    +   Element has insufficient color contrast of 4.41 (foreground color: #667085, background color: #eef3eb, font size: 8.3pt (11px), font weight: normal). Expected contrast ratio of 4.5:1",
    +         "html": "<div class=\"ui_navLabel__28xzA\">工作空间</div>",
    +         "impact": "serious",
    +         "none": Array [],
    +         "target": Array [
    +           ".ui_navLabel__28xzA",
    +         ],
    +       },
    +       Object {
    +         "all": Array [],
    +         "any": Array [
    +           Object {
    +             "data": Object {
    +               "bgColor": "#eef3eb",
    +               "contrastRatio": 4.41,
    +               "expectedContrastRatio": "4.5:1",
    +               "fgColor": "#667085",
    +               "fontSize": "9.0pt (12px)",
    +               "fontWeight": "normal",
    +               "messageKey": null,
    +             },
    +             "id": "color-contrast",
    +             "impact": "serious",
    +             "message": "Element has insufficient color contrast of 4.41 (foreground color: #667085, background color: #eef3eb, font size: 9.0pt (12px), font weight: normal). Expected contrast ratio of 4.5:1",
    +             "relatedNodes": Array [
    +               Object {
    +                 "html": "<aside class=\"ui_sidebar__ueGPi\" data-aria-hidden=\"true\" aria-hidden=\"true\">",
    +                 "target": Array [
    +                   "aside",
    +                 ],
    +               },
    +             ],
    +           },
    +         ],
    +         "failureSummary": "Fix any of the following:
    +   Element has insufficient color contrast of 4.41 (foreground color: #667085, background color: #eef3eb, font size: 9.0pt (12px), font weight: normal). Expected contrast ratio of 4.5:1",
    +         "html": "<span>把注意力留给重要的事</span>",
    +         "impact": "serious",
    +         "none": Array [],
    +         "target": Array [
    +           ".ui_sidebarBottom__s5_Nl > span",
    +         ],
    +       },
    +     ],
    +     "tags": Array [
    +       "cat.color",
    +       "wcag2aa",
    +       "wcag143",
    +       "TTv5",
    +       "TT13.c",
    +       "EN-301-549",
    +       "EN-9.1.4.3",
    +       "ACT",
    +       "RGAAv4",
    +       "RGAA-3.2.1",
    +     ],
    +   },
    + ]

      61 |     await page.getByRole('button', { name: '创建任务', exact: true }).click(); await expect(page.getByText('请输入任务标题')).toBeVisible();
      62 |     await page.screenshot({ path: `.runtime/screenshots/${width}-field-error.png`, fullPage: true });
    > 63 |     const scan = await new AxeBuilder({ page }).analyze(); expect(scan.violations.filter(v => ['serious', 'critical'].includes(v.impact ?? ''))).toEqual([]);
         |                                                                                                                                                  ^
      64 |     await page.keyboard.press('Escape'); await expect(page.getByRole('dialog')).not.toBeVisible(); await expect(page.getByRole('button', { name: '新建任务', exact: true })).toBeFocused();
      65 |     await page.goto(`/projects/${empty}/tasks`); await expect(page.getByRole('heading', { name: '还没有任务' })).toBeVisible(); await page.screenshot({ path: `.runtime/screenshots/${width}-empty.png`, fullPage: true });
      66 |     await page.goto(`/projects/${archived}/tasks`); await expect(page.getByText('该项目已归档，只能查看')).toBeVisible(); await expect(page.getByRole('button', { name: '新建任务', exact: true })).toHaveCount(0); await page.screenshot({ path: `.runtime/screenshots/${width}-archived.png`, fullPage: true });
        at /Users/chenzhenyang/Codes/AI-Driven Software Engineering/examples/focustask/app/tests/e2e/core.spec.ts:63:146

    attachment #1: screenshot (image/png) ──────────────────────────────────────────────────────────
    test-results/core-UI-states-and-keyboard-1024x768-firefox/test-failed-1.png
    ────────────────────────────────────────────────────────────────────────────────────────────────

    Error Context: test-results/core-UI-states-and-keyboard-1024x768-firefox/error-context.md

    Error Context: test-results/core-UI-states-and-keyboard-1024x768-firefox/error-context.md

    attachment #4: trace (application/zip) ─────────────────────────────────────────────────────────
    test-results/core-UI-states-and-keyboard-1024x768-firefox/trace.zip
    Usage:

        npx playwright show-trace test-results/core-UI-states-and-keyboard-1024x768-firefox/trace.zip

    ────────────────────────────────────────────────────────────────────────────────────────────────

  7) [firefox] › tests/e2e/core.spec.ts:53:3 › UI states and keyboard 1920x1080 ────────────────────

    Error: expect(received).toEqual(expected) // deep equality

    - Expected  -  1
    + Received  + 93

    - Array []
    + Array [
    +   Object {
    +     "description": "Ensure the contrast between foreground and background colors meets WCAG 2 AA minimum contrast ratio thresholds",
    +     "help": "Elements must meet minimum color contrast ratio thresholds",
    +     "helpUrl": "https://dequeuniversity.com/rules/axe/4.13/color-contrast?application=playwright",
    +     "id": "color-contrast",
    +     "impact": "serious",
    +     "nodes": Array [
    +       Object {
    +         "all": Array [],
    +         "any": Array [
    +           Object {
    +             "data": Object {
    +               "bgColor": "#eef3eb",
    +               "contrastRatio": 4.41,
    +               "expectedContrastRatio": "4.5:1",
    +               "fgColor": "#667085",
    +               "fontSize": "8.3pt (11px)",
    +               "fontWeight": "normal",
    +               "messageKey": null,
    +             },
    +             "id": "color-contrast",
    +             "impact": "serious",
    +             "message": "Element has insufficient color contrast of 4.41 (foreground color: #667085, background color: #eef3eb, font size: 8.3pt (11px), font weight: normal). Expected contrast ratio of 4.5:1",
    +             "relatedNodes": Array [
    +               Object {
    +                 "html": "<aside class=\"ui_sidebar__ueGPi\" data-aria-hidden=\"true\" aria-hidden=\"true\">",
    +                 "target": Array [
    +                   "aside",
    +                 ],
    +               },
    +             ],
    +           },
    +         ],
    +         "failureSummary": "Fix any of the following:
    +   Element has insufficient color contrast of 4.41 (foreground color: #667085, background color: #eef3eb, font size: 8.3pt (11px), font weight: normal). Expected contrast ratio of 4.5:1",
    +         "html": "<div class=\"ui_navLabel__28xzA\">工作空间</div>",
    +         "impact": "serious",
    +         "none": Array [],
    +         "target": Array [
    +           ".ui_navLabel__28xzA",
    +         ],
    +       },
    +       Object {
    +         "all": Array [],
    +         "any": Array [
    +           Object {
    +             "data": Object {
    +               "bgColor": "#eef3eb",
    +               "contrastRatio": 4.41,
    +               "expectedContrastRatio": "4.5:1",
    +               "fgColor": "#667085",
    +               "fontSize": "9.0pt (12px)",
    +               "fontWeight": "normal",
    +               "messageKey": null,
    +             },
    +             "id": "color-contrast",
    +             "impact": "serious",
    +             "message": "Element has insufficient color contrast of 4.41 (foreground color: #667085, background color: #eef3eb, font size: 9.0pt (12px), font weight: normal). Expected contrast ratio of 4.5:1",
    +             "relatedNodes": Array [
    +               Object {
    +                 "html": "<aside class=\"ui_sidebar__ueGPi\" data-aria-hidden=\"true\" aria-hidden=\"true\">",
    +                 "target": Array [
    +                   "aside",
    +                 ],
    +               },
    +             ],
    +           },
    +         ],
    +         "failureSummary": "Fix any of the following:
    +   Element has insufficient color contrast of 4.41 (foreground color: #667085, background color: #eef3eb, font size: 9.0pt (12px), font weight: normal). Expected contrast ratio of 4.5:1",
    +         "html": "<span>把注意力留给重要的事</span>",
    +         "impact": "serious",
    +         "none": Array [],
    +         "target": Array [
    +           ".ui_sidebarBottom__s5_Nl > span",
    +         ],
    +       },
    +     ],
    +     "tags": Array [
    +       "cat.color",
    +       "wcag2aa",
    +       "wcag143",
    +       "TTv5",
    +       "TT13.c",
    +       "EN-301-549",
    +       "EN-9.1.4.3",
    +       "ACT",
    +       "RGAAv4",
    +       "RGAA-3.2.1",
    +     ],
    +   },
    + ]

      61 |     await page.getByRole('button', { name: '创建任务', exact: true }).click(); await expect(page.getByText('请输入任务标题')).toBeVisible();
      62 |     await page.screenshot({ path: `.runtime/screenshots/${width}-field-error.png`, fullPage: true });
    > 63 |     const scan = await new AxeBuilder({ page }).analyze(); expect(scan.violations.filter(v => ['serious', 'critical'].includes(v.impact ?? ''))).toEqual([]);
         |                                                                                                                                                  ^
      64 |     await page.keyboard.press('Escape'); await expect(page.getByRole('dialog')).not.toBeVisible(); await expect(page.getByRole('button', { name: '新建任务', exact: true })).toBeFocused();
      65 |     await page.goto(`/projects/${empty}/tasks`); await expect(page.getByRole('heading', { name: '还没有任务' })).toBeVisible(); await page.screenshot({ path: `.runtime/screenshots/${width}-empty.png`, fullPage: true });
      66 |     await page.goto(`/projects/${archived}/tasks`); await expect(page.getByText('该项目已归档，只能查看')).toBeVisible(); await expect(page.getByRole('button', { name: '新建任务', exact: true })).toHaveCount(0); await page.screenshot({ path: `.runtime/screenshots/${width}-archived.png`, fullPage: true });
        at /Users/chenzhenyang/Codes/AI-Driven Software Engineering/examples/focustask/app/tests/e2e/core.spec.ts:63:146

    attachment #1: screenshot (image/png) ──────────────────────────────────────────────────────────
    test-results/core-UI-states-and-keyboard-1920x1080-firefox/test-failed-1.png
    ────────────────────────────────────────────────────────────────────────────────────────────────

    Error Context: test-results/core-UI-states-and-keyboard-1920x1080-firefox/error-context.md

    Error Context: test-results/core-UI-states-and-keyboard-1920x1080-firefox/error-context.md

    attachment #4: trace (application/zip) ─────────────────────────────────────────────────────────
    test-results/core-UI-states-and-keyboard-1920x1080-firefox/trace.zip
    Usage:

        npx playwright show-trace test-results/core-UI-states-and-keyboard-1920x1080-firefox/trace.zip

    ────────────────────────────────────────────────────────────────────────────────────────────────

  8) [firefox] › tests/e2e/core.spec.ts:83:1 › AC-02/06/11: field dates, assignee, archive during open form 

    Error: expect(locator).toBeFocused() failed

    Locator:  getByLabel('截止日期')
    Expected: focused
    Received: inactive
    Timeout:  5000ms

    Call log:
      - Expect "toBeFocused" getByLabel('截止日期') with timeout 5000ms
      - waiting for getByLabel('截止日期')
        14 × locator resolved to <input type="date" id="task-dueDate" value="2000-01-01" aria-invalid="true" aria-describedby="date-error"/>
           - unexpected value "inactive"


      86 |   await page.getByLabel('任务标题').fill('归档期间的表单');
      87 |   await page.getByLabel('截止日期').fill('2000-01-01'); await page.getByRole('button', { name: '创建任务', exact: true }).click();
    > 88 |   await expect(page.getByText('截止日期不能早于今天')).toBeVisible(); await expect(page.getByLabel('截止日期')).toBeFocused();
         |                                                                                                   ^
      89 |   await page.getByLabel('截止日期').fill('2099-01-01');
      90 |   await page.getByLabel('负责人').selectOption('10000000-0000-4000-8000-000000000002');
      91 |   const before = await db.task.count({ where: { projectId: empty } });
        at /Users/chenzhenyang/Codes/AI-Driven Software Engineering/examples/focustask/app/tests/e2e/core.spec.ts:88:99

    attachment #1: screenshot (image/png) ──────────────────────────────────────────────────────────
    test-results/core-AC-02-06-11-field-dat-f7696-ee-archive-during-open-form-firefox/test-failed-1.png
    ────────────────────────────────────────────────────────────────────────────────────────────────

    Error Context: test-results/core-AC-02-06-11-field-dat-f7696-ee-archive-during-open-form-firefox/error-context.md

    Error Context: test-results/core-AC-02-06-11-field-dat-f7696-ee-archive-during-open-form-firefox/error-context.md

    attachment #4: trace (application/zip) ─────────────────────────────────────────────────────────
    test-results/core-AC-02-06-11-field-dat-f7696-ee-archive-during-open-form-firefox/trace.zip
    Usage:

        npx playwright show-trace test-results/core-AC-02-06-11-field-dat-f7696-ee-archive-during-open-form-firefox/trace.zip

    ────────────────────────────────────────────────────────────────────────────────────────────────

  9) [webkit] › tests/e2e/core.spec.ts:30:1 › AC-01/03/07: empty validation, create once and persist after refresh 

    Error: browserType.launch: Executable doesn't exist at /Users/chenzhenyang/Library/Caches/ms-playwright/webkit-2359/pw_run.sh
    ╔════════════════════════════════════════════════════════════╗
    ║ Looks like Playwright was just installed or updated.       ║
    ║ Please run the following command to download new browsers: ║
    ║                                                            ║
    ║     npx playwright install                                 ║
    ║                                                            ║
    ║ <3 Playwright Team                                         ║
    ╚════════════════════════════════════════════════════════════╝

    Error Context: test-results/core-AC-01-03-07-empty-val-d3062-e-and-persist-after-refresh-webkit/error-context.md

    Error Context: test-results/core-AC-01-03-07-empty-val-d3062-e-and-persist-after-refresh-webkit/error-context.md

    attachment #3: trace (application/zip) ─────────────────────────────────────────────────────────
    test-results/core-AC-01-03-07-empty-val-d3062-e-and-persist-after-refresh-webkit/trace.zip
    Usage:

        npx playwright show-trace test-results/core-AC-01-03-07-empty-val-d3062-e-and-persist-after-refresh-webkit/trace.zip

    ────────────────────────────────────────────────────────────────────────────────────────────────

  10) [webkit] › tests/e2e/core.spec.ts:38:1 › AC-08/12: lost response retains input; retry recovers same task 

    Error: browserType.launch: Executable doesn't exist at /Users/chenzhenyang/Library/Caches/ms-playwright/webkit-2359/pw_run.sh
    ╔════════════════════════════════════════════════════════════╗
    ║ Looks like Playwright was just installed or updated.       ║
    ║ Please run the following command to download new browsers: ║
    ║                                                            ║
    ║     npx playwright install                                 ║
    ║                                                            ║
    ║ <3 Playwright Team                                         ║
    ╚════════════════════════════════════════════════════════════╝

    Error Context: test-results/core-AC-08-12-lost-respons-3f5dd-ut-retry-recovers-same-task-webkit/error-context.md

    Error Context: test-results/core-AC-08-12-lost-respons-3f5dd-ut-retry-recovers-same-task-webkit/error-context.md

    attachment #3: trace (application/zip) ─────────────────────────────────────────────────────────
    test-results/core-AC-08-12-lost-respons-3f5dd-ut-retry-recovers-same-task-webkit/trace.zip
    Usage:

        npx playwright show-trace test-results/core-AC-08-12-lost-respons-3f5dd-ut-retry-recovers-same-task-webkit/trace.zip

    ────────────────────────────────────────────────────────────────────────────────────────────────

  11) [webkit] › tests/e2e/core.spec.ts:53:3 › UI states and keyboard 1440x900 ─────────────────────

    Error: browserType.launch: Executable doesn't exist at /Users/chenzhenyang/Library/Caches/ms-playwright/webkit-2359/pw_run.sh
    ╔════════════════════════════════════════════════════════════╗
    ║ Looks like Playwright was just installed or updated.       ║
    ║ Please run the following command to download new browsers: ║
    ║                                                            ║
    ║     npx playwright install                                 ║
    ║                                                            ║
    ║ <3 Playwright Team                                         ║
    ╚════════════════════════════════════════════════════════════╝

    Error Context: test-results/core-UI-states-and-keyboard-1440x900-webkit/error-context.md

    Error Context: test-results/core-UI-states-and-keyboard-1440x900-webkit/error-context.md

    attachment #3: trace (application/zip) ─────────────────────────────────────────────────────────
    test-results/core-UI-states-and-keyboard-1440x900-webkit/trace.zip
    Usage:

        npx playwright show-trace test-results/core-UI-states-and-keyboard-1440x900-webkit/trace.zip

    ────────────────────────────────────────────────────────────────────────────────────────────────

  12) [webkit] › tests/e2e/core.spec.ts:53:3 › UI states and keyboard 1024x768 ─────────────────────

    Error: browserType.launch: Executable doesn't exist at /Users/chenzhenyang/Library/Caches/ms-playwright/webkit-2359/pw_run.sh
    ╔════════════════════════════════════════════════════════════╗
    ║ Looks like Playwright was just installed or updated.       ║
    ║ Please run the following command to download new browsers: ║
    ║                                                            ║
    ║     npx playwright install                                 ║
    ║                                                            ║
    ║ <3 Playwright Team                                         ║
    ╚════════════════════════════════════════════════════════════╝

    Error Context: test-results/core-UI-states-and-keyboard-1024x768-webkit/error-context.md

    Error Context: test-results/core-UI-states-and-keyboard-1024x768-webkit/error-context.md

    attachment #3: trace (application/zip) ─────────────────────────────────────────────────────────
    test-results/core-UI-states-and-keyboard-1024x768-webkit/trace.zip
    Usage:

        npx playwright show-trace test-results/core-UI-states-and-keyboard-1024x768-webkit/trace.zip

    ────────────────────────────────────────────────────────────────────────────────────────────────

  13) [webkit] › tests/e2e/core.spec.ts:53:3 › UI states and keyboard 768x1024 ─────────────────────

    Error: browserType.launch: Executable doesn't exist at /Users/chenzhenyang/Library/Caches/ms-playwright/webkit-2359/pw_run.sh
    ╔════════════════════════════════════════════════════════════╗
    ║ Looks like Playwright was just installed or updated.       ║
    ║ Please run the following command to download new browsers: ║
    ║                                                            ║
    ║     npx playwright install                                 ║
    ║                                                            ║
    ║ <3 Playwright Team                                         ║
    ╚════════════════════════════════════════════════════════════╝

    Error Context: test-results/core-UI-states-and-keyboard-768x1024-webkit/error-context.md

    Error Context: test-results/core-UI-states-and-keyboard-768x1024-webkit/error-context.md

    attachment #3: trace (application/zip) ─────────────────────────────────────────────────────────
    test-results/core-UI-states-and-keyboard-768x1024-webkit/trace.zip
    Usage:

        npx playwright show-trace test-results/core-UI-states-and-keyboard-768x1024-webkit/trace.zip

    ────────────────────────────────────────────────────────────────────────────────────────────────

  14) [webkit] › tests/e2e/core.spec.ts:53:3 › UI states and keyboard 390x844 ──────────────────────

    Error: browserType.launch: Executable doesn't exist at /Users/chenzhenyang/Library/Caches/ms-playwright/webkit-2359/pw_run.sh
    ╔════════════════════════════════════════════════════════════╗
    ║ Looks like Playwright was just installed or updated.       ║
    ║ Please run the following command to download new browsers: ║
    ║                                                            ║
    ║     npx playwright install                                 ║
    ║                                                            ║
    ║ <3 Playwright Team                                         ║
    ╚════════════════════════════════════════════════════════════╝

    Error Context: test-results/core-UI-states-and-keyboard-390x844-webkit/error-context.md

    Error Context: test-results/core-UI-states-and-keyboard-390x844-webkit/error-context.md

    attachment #3: trace (application/zip) ─────────────────────────────────────────────────────────
    test-results/core-UI-states-and-keyboard-390x844-webkit/trace.zip
    Usage:

        npx playwright show-trace test-results/core-UI-states-and-keyboard-390x844-webkit/trace.zip

    ────────────────────────────────────────────────────────────────────────────────────────────────

  15) [webkit] › tests/e2e/core.spec.ts:53:3 › UI states and keyboard 320x844 ──────────────────────

    Error: browserType.launch: Executable doesn't exist at /Users/chenzhenyang/Library/Caches/ms-playwright/webkit-2359/pw_run.sh
    ╔════════════════════════════════════════════════════════════╗
    ║ Looks like Playwright was just installed or updated.       ║
    ║ Please run the following command to download new browsers: ║
    ║                                                            ║
    ║     npx playwright install                                 ║
    ║                                                            ║
    ║ <3 Playwright Team                                         ║
    ╚════════════════════════════════════════════════════════════╝

    Error Context: test-results/core-UI-states-and-keyboard-320x844-webkit/error-context.md

    Error Context: test-results/core-UI-states-and-keyboard-320x844-webkit/error-context.md

    attachment #3: trace (application/zip) ─────────────────────────────────────────────────────────
    test-results/core-UI-states-and-keyboard-320x844-webkit/trace.zip
    Usage:

        npx playwright show-trace test-results/core-UI-states-and-keyboard-320x844-webkit/trace.zip

    ────────────────────────────────────────────────────────────────────────────────────────────────

  16) [webkit] › tests/e2e/core.spec.ts:53:3 › UI states and keyboard 1920x1080 ────────────────────

    Error: browserType.launch: Executable doesn't exist at /Users/chenzhenyang/Library/Caches/ms-playwright/webkit-2359/pw_run.sh
    ╔════════════════════════════════════════════════════════════╗
    ║ Looks like Playwright was just installed or updated.       ║
    ║ Please run the following command to download new browsers: ║
    ║                                                            ║
    ║     npx playwright install                                 ║
    ║                                                            ║
    ║ <3 Playwright Team                                         ║
    ╚════════════════════════════════════════════════════════════╝

    Error Context: test-results/core-UI-states-and-keyboard-1920x1080-webkit/error-context.md

    Error Context: test-results/core-UI-states-and-keyboard-1920x1080-webkit/error-context.md

    attachment #3: trace (application/zip) ─────────────────────────────────────────────────────────
    test-results/core-UI-states-and-keyboard-1920x1080-webkit/trace.zip
    Usage:

        npx playwright show-trace test-results/core-UI-states-and-keyboard-1920x1080-webkit/trace.zip

    ────────────────────────────────────────────────────────────────────────────────────────────────

  17) [webkit] › tests/e2e/core.spec.ts:83:1 › AC-02/06/11: field dates, assignee, archive during open form 

    Error: browserType.launch: Executable doesn't exist at /Users/chenzhenyang/Library/Caches/ms-playwright/webkit-2359/pw_run.sh
    ╔════════════════════════════════════════════════════════════╗
    ║ Looks like Playwright was just installed or updated.       ║
    ║ Please run the following command to download new browsers: ║
    ║                                                            ║
    ║     npx playwright install                                 ║
    ║                                                            ║
    ║ <3 Playwright Team                                         ║
    ╚════════════════════════════════════════════════════════════╝

    Error Context: test-results/core-AC-02-06-11-field-dat-f7696-ee-archive-during-open-form-webkit/error-context.md

    Error Context: test-results/core-AC-02-06-11-field-dat-f7696-ee-archive-during-open-form-webkit/error-context.md

    attachment #3: trace (application/zip) ─────────────────────────────────────────────────────────
    test-results/core-AC-02-06-11-field-dat-f7696-ee-archive-during-open-form-webkit/trace.zip
    Usage:

        npx playwright show-trace test-results/core-AC-02-06-11-field-dat-f7696-ee-archive-during-open-form-webkit/trace.zip

    ────────────────────────────────────────────────────────────────────────────────────────────────

  18) [webkit] › tests/e2e/core.spec.ts:108:1 › 200% zoom equivalent layout and long content remain operable 

    Error: browserType.launch: Executable doesn't exist at /Users/chenzhenyang/Library/Caches/ms-playwright/webkit-2359/pw_run.sh
    ╔════════════════════════════════════════════════════════════╗
    ║ Looks like Playwright was just installed or updated.       ║
    ║ Please run the following command to download new browsers: ║
    ║                                                            ║
    ║     npx playwright install                                 ║
    ║                                                            ║
    ║ <3 Playwright Team                                         ║
    ╚════════════════════════════════════════════════════════════╝

    Error Context: test-results/core-200-zoom-equivalent-l-e06bc-ong-content-remain-operable-webkit/error-context.md

    Error Context: test-results/core-200-zoom-equivalent-l-e06bc-ong-content-remain-operable-webkit/error-context.md

    attachment #3: trace (application/zip) ─────────────────────────────────────────────────────────
    test-results/core-200-zoom-equivalent-l-e06bc-ong-content-remain-operable-webkit/trace.zip
    Usage:

        npx playwright show-trace test-results/core-200-zoom-equivalent-l-e06bc-ong-content-remain-operable-webkit/trace.zip

    ────────────────────────────────────────────────────────────────────────────────────────────────

  18 failed
    [chromium] › tests/e2e/core.spec.ts:53:3 › UI states and keyboard 1440x900 ─────────────────────
    [chromium] › tests/e2e/core.spec.ts:53:3 › UI states and keyboard 1024x768 ─────────────────────
    [chromium] › tests/e2e/core.spec.ts:53:3 › UI states and keyboard 1920x1080 ────────────────────
    [chromium] › tests/e2e/core.spec.ts:83:1 › AC-02/06/11: field dates, assignee, archive during open form 
    [firefox] › tests/e2e/core.spec.ts:53:3 › UI states and keyboard 1440x900 ──────────────────────
    [firefox] › tests/e2e/core.spec.ts:53:3 › UI states and keyboard 1024x768 ──────────────────────
    [firefox] › tests/e2e/core.spec.ts:53:3 › UI states and keyboard 1920x1080 ─────────────────────
    [firefox] › tests/e2e/core.spec.ts:83:1 › AC-02/06/11: field dates, assignee, archive during open form 
    [webkit] › tests/e2e/core.spec.ts:30:1 › AC-01/03/07: empty validation, create once and persist after refresh 
    [webkit] › tests/e2e/core.spec.ts:38:1 › AC-08/12: lost response retains input; retry recovers same task 
    [webkit] › tests/e2e/core.spec.ts:53:3 › UI states and keyboard 1440x900 ───────────────────────
    [webkit] › tests/e2e/core.spec.ts:53:3 › UI states and keyboard 1024x768 ───────────────────────
    [webkit] › tests/e2e/core.spec.ts:53:3 › UI states and keyboard 768x1024 ───────────────────────
    [webkit] › tests/e2e/core.spec.ts:53:3 › UI states and keyboard 390x844 ────────────────────────
    [webkit] › tests/e2e/core.spec.ts:53:3 › UI states and keyboard 320x844 ────────────────────────
    [webkit] › tests/e2e/core.spec.ts:53:3 › UI states and keyboard 1920x1080 ──────────────────────
    [webkit] › tests/e2e/core.spec.ts:83:1 › AC-02/06/11: field dates, assignee, archive during open form 
    [webkit] › tests/e2e/core.spec.ts:108:1 › 200% zoom equivalent layout and long content remain operable 
  18 passed (48.3s)
