
 RUN  v4.1.11 /Users/chenzhenyang/Codes/AI-Driven Software Engineering/examples/focustask/app

 ❯ tests/api-health.test.ts (3 tests | 1 failed) 116ms
     × returns generic 503 within ten seconds for real refused database connections 111ms

⎯⎯⎯⎯⎯⎯⎯ Failed Tests 1 ⎯⎯⎯⎯⎯⎯⎯

 FAIL  tests/api-health.test.ts > API-07 database failure and response deadline > returns generic 503 within ten seconds for real refused database connections
AssertionError: The isolated real-connection probe must finish: expected { code: 1, stdout: '', …(2) } to match object { code: +0, stderr: '', …(1) }
(1 matching property omitted from actual)

- Expected
+ Received

  {
-   "code": 0,
-   "stderr": "",
+   "code": 1,
+   "stderr": "node:net:1926
+       const error = new UVExceptionWithHostPort(rval, 'listen', address, port);
+                     ^
+
+ Error: listen EPERM: operation not permitted 127.0.0.1
+     at Server.setupListenHandle [as _listen2] (node:net:1926:21)
+     at listenInCluster (node:net:2005:12)
+     at node:net:2214:7
+     at process.processTicksAndRejections (node:internal/process/task_queues:90:21) {
+   code: 'EPERM',
+   errno: -1,
+   syscall: 'listen',
+   address: '127.0.0.1'
+ }
+
+ Node.js v24.14.0
+ ",
    "timedOut": false,
  }

 ❯ tests/api-health.test.ts:54:7
     52|       output,
     53|       "The isolated real-connection probe must finish",
     54|     ).toMatchObject({
       |       ^
     55|       code: 0,
     56|       stderr: "",

⎯⎯⎯⎯⎯⎯⎯⎯⎯⎯⎯⎯⎯⎯⎯⎯⎯⎯⎯⎯⎯⎯⎯⎯[1/1]⎯


 Test Files  1 failed (1)
      Tests  1 failed | 2 passed (3)
   Start at  09:20:42
   Duration  311ms (transform 28ms, setup 0ms, import 134ms, tests 116ms, environment 0ms)

