Prisma schema loaded from prisma/schema.prisma
┌─────────────────────────────────────────────────────────┐
│  Update available 6.19.3 -> 8.0.0-rc.15                 │
│                                                         │
│  This is a major update - please follow the guide at    │
│  https://pris.ly/d/major-version-upgrade                │
│                                                         │
│  Run the following to update                            │
│    npm i --save-dev prisma@latest                       │
│    npm i @prisma/client@latest                          │
└─────────────────────────────────────────────────────────┘

✔ Generated Prisma Client (v6.19.3) to ./node_modules/@prisma/client in 69ms

Start by importing your Prisma Client (See: https://pris.ly/d/importing-client)

Tip: Want to turn off tips and other hints? https://pris.ly/tip-4-nohints

Prisma schema loaded from prisma/schema.prisma
Datasource "db": PostgreSQL database "focustask_test", schema "public" at "127.0.0.1:55461"

1 migration found in prisma/migrations


No pending migrations to apply.
Fictional fixtures ready; existing data preserved. Credentials are in ignored local configuration.
Ready: test; configuration in ignored .runtime/test.json (credentials not printed).
