
> focustask-lifecycle-example@0.2.0 typecheck
> tsc --noEmit

error TS6053: File '/Users/chenzhenyang/Codes/AI-Driven Software Engineering/examples/focustask/app/.next/types/app/api/v1/[...segments]/route.ts' not found.
  The file is in the program because:
    Matched by include pattern '.next/types/**/*.ts' in '/Users/chenzhenyang/Codes/AI-Driven Software Engineering/examples/focustask/app/tsconfig.json'
error TS6053: File '/Users/chenzhenyang/Codes/AI-Driven Software Engineering/examples/focustask/app/.next/types/app/layout.ts' not found.
  The file is in the program because:
    Matched by include pattern '.next/types/**/*.ts' in '/Users/chenzhenyang/Codes/AI-Driven Software Engineering/examples/focustask/app/tsconfig.json'
error TS6053: File '/Users/chenzhenyang/Codes/AI-Driven Software Engineering/examples/focustask/app/.next/types/app/login/page.ts' not found.
  The file is in the program because:
    Matched by include pattern '.next/types/**/*.ts' in '/Users/chenzhenyang/Codes/AI-Driven Software Engineering/examples/focustask/app/tsconfig.json'
error TS6053: File '/Users/chenzhenyang/Codes/AI-Driven Software Engineering/examples/focustask/app/.next/types/app/page.ts' not found.
  The file is in the program because:
    Matched by include pattern '.next/types/**/*.ts' in '/Users/chenzhenyang/Codes/AI-Driven Software Engineering/examples/focustask/app/tsconfig.json'
error TS6053: File '/Users/chenzhenyang/Codes/AI-Driven Software Engineering/examples/focustask/app/.next/types/app/projects/[id]/tasks/page.ts' not found.
  The file is in the program because:
    Matched by include pattern '.next/types/**/*.ts' in '/Users/chenzhenyang/Codes/AI-Driven Software Engineering/examples/focustask/app/tsconfig.json'
error TS6053: File '/Users/chenzhenyang/Codes/AI-Driven Software Engineering/examples/focustask/app/.next/types/app/projects/page.ts' not found.
  The file is in the program because:
    Matched by include pattern '.next/types/**/*.ts' in '/Users/chenzhenyang/Codes/AI-Driven Software Engineering/examples/focustask/app/tsconfig.json'
error TS6053: File '/Users/chenzhenyang/Codes/AI-Driven Software Engineering/examples/focustask/app/.next/types/cache-life.d.ts' not found.
  The file is in the program because:
    Matched by include pattern '.next/types/**/*.ts' in '/Users/chenzhenyang/Codes/AI-Driven Software Engineering/examples/focustask/app/tsconfig.json'
