
> focustask-lifecycle-example@0.2.0 test:e2e
> playwright test

[WebServer] (node:80670) Warning: The 'NO_COLOR' env is ignored due to the 'FORCE_COLOR' env being set.
[WebServer] (Use `node --trace-warnings ...` to show where the warning was created)

Running 57 tests using 1 worker

(node:80672) Warning: The 'NO_COLOR' env is ignored due to the 'FORCE_COLOR' env being set.
(Use `node --trace-warnings ...` to show where the warning was created)
  ✓   1 [chromium] › tests/e2e/core.spec.ts:40:1 › API-01/03/05 and AC-09/10: auth, server permissions and logout (70ms)
  ✓   2 [chromium] › tests/e2e/core.spec.ts:68:1 › AC-01/03/07: empty validation, create once and persist after refresh (935ms)
  ✓   3 [chromium] › tests/e2e/core.spec.ts:85:1 › AC-08/12: lost response retains input; retry recovers same task (562ms)
  ✓   4 [chromium] › tests/e2e/core.spec.ts:127:3 › UI states and keyboard 1440x900 (1.7s)
  ✓   5 [chromium] › tests/e2e/core.spec.ts:127:3 › UI states and keyboard 1024x768 (1.5s)
  ✓   6 [chromium] › tests/e2e/core.spec.ts:127:3 › UI states and keyboard 768x1024 (1.6s)
  ✓   7 [chromium] › tests/e2e/core.spec.ts:127:3 › UI states and keyboard 390x844 (1.6s)
  ✓   8 [chromium] › tests/e2e/core.spec.ts:127:3 › UI states and keyboard 320x844 (1.6s)
  ✓   9 [chromium] › tests/e2e/core.spec.ts:127:3 › UI states and keyboard 1920x1080 (1.7s)
  ✓  10 [chromium] › tests/e2e/core.spec.ts:243:1 › AC-02/06/11: field dates, assignee, archive during open form (515ms)
  ✓  11 [chromium] › tests/e2e/core.spec.ts:280:1 › API-02/06: origin, expired session and failed-login rate limit (259ms)
  ✓  12 [chromium] › tests/e2e/core.spec.ts:326:1 › permission removal while form is open closes it and hides project (432ms)
  ✓  13 [chromium] › tests/e2e/core.spec.ts:362:1 › 200% zoom equivalent layout and long content remain operable (561ms)
  ✓  14 [chromium] › tests/e2e/filter.spec.ts:12:1 › CF-05/06 Viewer, archived filtering and invalid URL recovery (318ms)
  ✓  15 [chromium] › tests/e2e/filter.spec.ts:25:3 › CF-01–07 state, URL, empty, create and race 1440 (843ms)
  ✓  16 [chromium] › tests/e2e/filter.spec.ts:25:3 › CF-01–07 state, URL, empty, create and race 1024 (800ms)
  ✓  17 [chromium] › tests/e2e/filter.spec.ts:25:3 › CF-01–07 state, URL, empty, create and race 768 (736ms)
  ✓  18 [chromium] › tests/e2e/filter.spec.ts:25:3 › CF-01–07 state, URL, empty, create and race 390 (874ms)
  ✓  19 [chromium] › tests/e2e/performance.spec.ts:9:1 › production baseline: 500 tasks, 20 members, page/API/CLS samples (36.9s)
(node:81536) Warning: The 'NO_COLOR' env is ignored due to the 'FORCE_COLOR' env being set.
(Use `node --trace-warnings ...` to show where the warning was created)
  ✓  20 [firefox] › tests/e2e/core.spec.ts:40:1 › API-01/03/05 and AC-09/10: auth, server permissions and logout (52ms)
  ✓  21 [firefox] › tests/e2e/core.spec.ts:68:1 › AC-01/03/07: empty validation, create once and persist after refresh (1.3s)
  ✓  22 [firefox] › tests/e2e/core.spec.ts:85:1 › AC-08/12: lost response retains input; retry recovers same task (653ms)
  ✓  23 [firefox] › tests/e2e/core.spec.ts:127:3 › UI states and keyboard 1440x900 (1.9s)
  ✓  24 [firefox] › tests/e2e/core.spec.ts:127:3 › UI states and keyboard 1024x768 (1.8s)
  ✓  25 [firefox] › tests/e2e/core.spec.ts:127:3 › UI states and keyboard 768x1024 (1.7s)
  ✓  26 [firefox] › tests/e2e/core.spec.ts:127:3 › UI states and keyboard 390x844 (1.9s)
  ✓  27 [firefox] › tests/e2e/core.spec.ts:127:3 › UI states and keyboard 320x844 (1.7s)
  ✓  28 [firefox] › tests/e2e/core.spec.ts:127:3 › UI states and keyboard 1920x1080 (1.8s)
  ✓  29 [firefox] › tests/e2e/core.spec.ts:243:1 › AC-02/06/11: field dates, assignee, archive during open form (662ms)
  ✓  30 [firefox] › tests/e2e/core.spec.ts:280:1 › API-02/06: origin, expired session and failed-login rate limit (262ms)
  ✓  31 [firefox] › tests/e2e/core.spec.ts:326:1 › permission removal while form is open closes it and hides project (1.0s)
  ✓  32 [firefox] › tests/e2e/core.spec.ts:362:1 › 200% zoom equivalent layout and long content remain operable (631ms)
  ✓  33 [firefox] › tests/e2e/filter.spec.ts:12:1 › CF-05/06 Viewer, archived filtering and invalid URL recovery (462ms)
  ✓  34 [firefox] › tests/e2e/filter.spec.ts:25:3 › CF-01–07 state, URL, empty, create and race 1440 (922ms)
  ✓  35 [firefox] › tests/e2e/filter.spec.ts:25:3 › CF-01–07 state, URL, empty, create and race 1024 (956ms)
  ✓  36 [firefox] › tests/e2e/filter.spec.ts:25:3 › CF-01–07 state, URL, empty, create and race 768 (915ms)
  ✓  37 [firefox] › tests/e2e/filter.spec.ts:25:3 › CF-01–07 state, URL, empty, create and race 390 (981ms)
  -  38 [firefox] › tests/e2e/performance.spec.ts:9:1 › production baseline: 500 tasks, 20 members, page/API/CLS samples
(node:81822) Warning: The 'NO_COLOR' env is ignored due to the 'FORCE_COLOR' env being set.
(Use `node --trace-warnings ...` to show where the warning was created)
  ✓  39 [webkit] › tests/e2e/core.spec.ts:40:1 › API-01/03/05 and AC-09/10: auth, server permissions and logout (53ms)
  ✓  40 [webkit] › tests/e2e/core.spec.ts:68:1 › AC-01/03/07: empty validation, create once and persist after refresh (932ms)
  ✓  41 [webkit] › tests/e2e/core.spec.ts:85:1 › AC-08/12: lost response retains input; retry recovers same task (609ms)
  ✓  42 [webkit] › tests/e2e/core.spec.ts:127:3 › UI states and keyboard 1440x900 (2.2s)
  ✓  43 [webkit] › tests/e2e/core.spec.ts:127:3 › UI states and keyboard 1024x768 (1.9s)
  ✓  44 [webkit] › tests/e2e/core.spec.ts:127:3 › UI states and keyboard 768x1024 (2.0s)
  ✓  45 [webkit] › tests/e2e/core.spec.ts:127:3 › UI states and keyboard 390x844 (1.6s)
  ✓  46 [webkit] › tests/e2e/core.spec.ts:127:3 › UI states and keyboard 320x844 (1.6s)
  ✓  47 [webkit] › tests/e2e/core.spec.ts:127:3 › UI states and keyboard 1920x1080 (2.5s)
  ✓  48 [webkit] › tests/e2e/core.spec.ts:243:1 › AC-02/06/11: field dates, assignee, archive during open form (517ms)
  ✓  49 [webkit] › tests/e2e/core.spec.ts:280:1 › API-02/06: origin, expired session and failed-login rate limit (276ms)
  ✓  50 [webkit] › tests/e2e/core.spec.ts:326:1 › permission removal while form is open closes it and hides project (495ms)
  ✓  51 [webkit] › tests/e2e/core.spec.ts:362:1 › 200% zoom equivalent layout and long content remain operable (638ms)
  ✓  52 [webkit] › tests/e2e/filter.spec.ts:12:1 › CF-05/06 Viewer, archived filtering and invalid URL recovery (401ms)
  ✓  53 [webkit] › tests/e2e/filter.spec.ts:25:3 › CF-01–07 state, URL, empty, create and race 1440 (956ms)
  ✓  54 [webkit] › tests/e2e/filter.spec.ts:25:3 › CF-01–07 state, URL, empty, create and race 1024 (879ms)
  ✓  55 [webkit] › tests/e2e/filter.spec.ts:25:3 › CF-01–07 state, URL, empty, create and race 768 (888ms)
  ✓  56 [webkit] › tests/e2e/filter.spec.ts:25:3 › CF-01–07 state, URL, empty, create and race 390 (841ms)
  -  57 [webkit] › tests/e2e/performance.spec.ts:9:1 › production baseline: 500 tasks, 20 members, page/API/CLS samples

  2 skipped
  55 passed (1.6m)
