
> focustask-lifecycle-example@0.1.0 build
> next build

   ▲ Next.js 15.5.25

   Creating an optimized production build ...
 ✓ Compiled successfully in 1322ms
   Linting and checking validity of types ...
   Collecting page data ...
   Generating static pages (0/6) ...
   Generating static pages (1/6) 
   Generating static pages (2/6) 
   Generating static pages (4/6) 
 ✓ Generating static pages (6/6)
   Finalizing page optimization ...
   Collecting build traces ...

Route (app)                                 Size  First Load JS
┌ ○ /                                      127 B         103 kB
├ ○ /_not-found                            993 B         104 kB
├ ƒ /api/v1/[...segments]                  127 B         103 kB
├ ○ /login                               4.08 kB         107 kB
├ ○ /projects                            2.64 kB         110 kB
└ ƒ /projects/[id]/tasks                 18.2 kB         126 kB
+ First Load JS shared by all             103 kB
  ├ chunks/255-37e0f0325134c4d7.js       46.4 kB
  ├ chunks/4bd1b696-c023c6e3521b1417.js  54.2 kB
  └ other shared chunks (total)          1.94 kB


○  (Static)   prerendered as static content
ƒ  (Dynamic)  server-rendered on demand

