[WebServer] (node:31864) Warning: The 'NO_COLOR' env is ignored due to the 'FORCE_COLOR' env being set.
[WebServer] (Use `node --trace-warnings ...` to show where the warning was created)

Running 1 test using 1 worker

(node:31878) Warning: The 'NO_COLOR' env is ignored due to the 'FORCE_COLOR' env being set.
(Use `node --trace-warnings ...` to show where the warning was created)
  ✘  1 [chromium] › tests/e2e/zoom.spec.ts:4:1 › actual browser 200% zoom preserves form and core creation (1.6s)


  1) [chromium] › tests/e2e/zoom.spec.ts:4:1 › actual browser 200% zoom preserves form and core creation 

    Error: expect(received).toBeLessThanOrEqual(expected)

    Expected: <= 352
    Received:    417

      35 |     await page.getByRole('dialog').getByLabel('截止日期').fill('2099-01-01');
      36 |     const dateRect=await page.getByRole('dialog').getByLabel('截止日期').boundingBox();expect(dateRect).not.toBeNull();
    > 37 |     expect(dateRect!.y).toBeGreaterThanOrEqual(0);expect(dateRect!.y+dateRect!.height).toBeLessThanOrEqual(formGeometry.submit.y-20);
         |                                                                                        ^
      38 |     await page.screenshot({path:'.runtime/screenshots/chromium-200-real-zoom-date.png',fullPage:false});
      39 |     await page.getByRole('button',{name:'创建任务',exact:true}).click();await expect(page.getByText(title,{exact:true})).toBeVisible();
      40 |     const dimensions=await page.evaluate(()=>({innerWidth,innerHeight,scrollWidth:document.documentElement.scrollWidth,devicePixelRatio}));expect(dimensions.scrollWidth).toBeLessThanOrEqual(dimensions.innerWidth);
        at /Users/chenzhenyang/Codes/AI-Driven Software Engineering/examples/focustask/app/tests/e2e/zoom.spec.ts:37:88

    attachment #1: screenshot (image/png) ──────────────────────────────────────────────────────────
    test-results/zoom-actual-browser-200-zo-22cab-rves-form-and-core-creation-chromium/test-failed-1.png
    ────────────────────────────────────────────────────────────────────────────────────────────────

    attachment #2: screenshot (image/png) ──────────────────────────────────────────────────────────
    test-results/zoom-actual-browser-200-zo-22cab-rves-form-and-core-creation-chromium/test-failed-2.png
    ────────────────────────────────────────────────────────────────────────────────────────────────

    Error Context: test-results/zoom-actual-browser-200-zo-22cab-rves-form-and-core-creation-chromium/error-context.md

    attachment #4: trace (application/zip) ─────────────────────────────────────────────────────────
    test-results/zoom-actual-browser-200-zo-22cab-rves-form-and-core-creation-chromium/trace.zip
    Usage:

        npx playwright show-trace test-results/zoom-actual-browser-200-zo-22cab-rves-form-and-core-creation-chromium/trace.zip

    ────────────────────────────────────────────────────────────────────────────────────────────────

  1 failed
    [chromium] › tests/e2e/zoom.spec.ts:4:1 › actual browser 200% zoom preserves form and core creation 
