{
  "auditReportVersion": 2,
  "vulnerabilities": {
    "@prisma/config": {
      "name": "@prisma/config",
      "severity": "high",
      "isDirect": false,
      "via": [
        "deepmerge-ts"
      ],
      "effects": [
        "prisma"
      ],
      "range": "6.13.0-dev.1 - 8.1.0-dev.4",
      "nodes": [
        "node_modules/@prisma/config"
      ],
      "fixAvailable": {
        "name": "prisma",
        "version": "6.12.0",
        "isSemVerMajor": true
      }
    },
    "@vitest/mocker": {
      "name": "@vitest/mocker",
      "severity": "moderate",
      "isDirect": false,
      "via": [
        {
          "source": 1193684,
          "name": "@vitest/mocker",
          "dependency": "@vitest/mocker",
          "title": "Vitest: Path Traversal / Arbitrary File Read via @vitest/mocker Redirect Mock",
          "url": "https://github.com/advisories/GHSA-82fw-gwwq-j7x9",
          "severity": "moderate",
          "cwe": [
            "CWE-22"
          ],
          "cvss": {
            "score": 5.9,
            "vectorString": "CVSS:3.1/AV:N/AC:H/PR:N/UI:N/S:U/C:H/I:N/A:N"
          },
          "range": ">=2.1.0 <4.1.11"
        }
      ],
      "effects": [
        "vitest"
      ],
      "range": "2.1.0 - 4.1.10",
      "nodes": [
        "node_modules/@vitest/mocker"
      ],
      "fixAvailable": {
        "name": "vitest",
        "version": "4.1.11",
        "isSemVerMajor": false
      }
    },
    "deepmerge-ts": {
      "name": "deepmerge-ts",
      "severity": "high",
      "isDirect": false,
      "via": [
        {
          "source": 1145093,
          "name": "deepmerge-ts",
          "dependency": "deepmerge-ts",
          "title": "DeepmergeTS has stack exhaustion when merging recursive object graphs",
          "url": "https://github.com/advisories/GHSA-ggr8-5vv4-36mx",
          "severity": "high",
          "cwe": [
            "CWE-674"
          ],
          "cvss": {
            "score": 0,
            "vectorString": null
          },
          "range": "<8.0.0"
        }
      ],
      "effects": [
        "@prisma/config"
      ],
      "range": "<8.0.0",
      "nodes": [
        "node_modules/deepmerge-ts"
      ],
      "fixAvailable": {
        "name": "prisma",
        "version": "6.12.0",
        "isSemVerMajor": true
      }
    },
    "next": {
      "name": "next",
      "severity": "moderate",
      "isDirect": true,
      "via": [
        "postcss"
      ],
      "effects": [],
      "range": "9.3.4-canary.0 - 16.3.0-preview.10",
      "nodes": [
        "node_modules/next"
      ],
      "fixAvailable": {
        "name": "next",
        "version": "16.3.5",
        "isSemVerMajor": true
      }
    },
    "postcss": {
      "name": "postcss",
      "severity": "high",
      "isDirect": false,
      "via": [
        {
          "source": 1117015,
          "name": "postcss",
          "dependency": "postcss",
          "title": "PostCSS has XSS via Unescaped </style> in its CSS Stringify Output",
          "url": "https://github.com/advisories/GHSA-qx2v-qp2m-jg93",
          "severity": "moderate",
          "cwe": [
            "CWE-79"
          ],
          "cvss": {
            "score": 6.1,
            "vectorString": "CVSS:3.1/AV:N/AC:L/PR:N/UI:R/S:C/C:L/I:L/A:N"
          },
          "range": "<8.5.10"
        },
        {
          "source": 1124252,
          "name": "postcss",
          "dependency": "postcss",
          "title": "PostCSS: Arbitrary file read and information disclosure via attacker-controlled sourceMappingURL in CSS comments",
          "url": "https://github.com/advisories/GHSA-6g55-p6wh-862q",
          "severity": "high",
          "cwe": [
            "CWE-22",
            "CWE-200"
          ],
          "cvss": {
            "score": 7.5,
            "vectorString": "CVSS:3.1/AV:N/AC:L/PR:N/UI:N/S:U/C:H/I:N/A:N"
          },
          "range": "<=8.5.11"
        },
        {
          "source": 1130709,
          "name": "postcss",
          "dependency": "postcss",
          "title": "PostCSS: incomplete fix of GHSA-6g55-p6wh-862q — attacker-controlled sourceMappingURL reads arbitrary .map files when `from` is unset",
          "url": "https://github.com/advisories/GHSA-fxqj-rqcc-2cmp",
          "severity": "moderate",
          "cwe": [
            "CWE-22",
            "CWE-200"
          ],
          "cvss": {
            "score": 0,
            "vectorString": null
          },
          "range": "<=8.5.22"
        },
        {
          "source": 1139510,
          "name": "postcss",
          "dependency": "postcss",
          "title": "PostCSS: Path Traversal in Previous Source Map Auto-Loading (sourceMappingURL) leads to Arbitrary .map File Disclosure",
          "url": "https://github.com/advisories/GHSA-r28c-9q8g-f849",
          "severity": "high",
          "cwe": [
            "CWE-22"
          ],
          "cvss": {
            "score": 7.5,
            "vectorString": "CVSS:3.1/AV:N/AC:L/PR:N/UI:N/S:U/C:H/I:N/A:N"
          },
          "range": "<=8.5.17"
        }
      ],
      "effects": [
        "next"
      ],
      "range": "<=8.5.22",
      "nodes": [
        "node_modules/postcss"
      ],
      "fixAvailable": {
        "name": "next",
        "version": "16.3.5",
        "isSemVerMajor": true
      }
    },
    "prisma": {
      "name": "prisma",
      "severity": "high",
      "isDirect": true,
      "via": [
        "@prisma/config"
      ],
      "effects": [],
      "range": "6.13.0-dev.1 - 8.1.0-dev.4",
      "nodes": [
        "node_modules/prisma"
      ],
      "fixAvailable": {
        "name": "prisma",
        "version": "6.12.0",
        "isSemVerMajor": true
      }
    },
    "vitest": {
      "name": "vitest",
      "severity": "moderate",
      "isDirect": true,
      "via": [
        "@vitest/mocker",
        {
          "source": 1193683,
          "name": "vitest",
          "dependency": "vitest",
          "title": "Vitest: Path Traversal / Arbitrary File Read via @vitest/mocker Redirect Mock",
          "url": "https://github.com/advisories/GHSA-82fw-gwwq-j7x9",
          "severity": "moderate",
          "cwe": [
            "CWE-22"
          ],
          "cvss": {
            "score": 5.9,
            "vectorString": "CVSS:3.1/AV:N/AC:H/PR:N/UI:N/S:U/C:H/I:N/A:N"
          },
          "range": ">=2.1.0 <4.1.11"
        }
      ],
      "effects": [],
      "range": "2.1.0-beta.1 - 4.1.10",
      "nodes": [
        "node_modules/vitest"
      ],
      "fixAvailable": {
        "name": "vitest",
        "version": "4.1.11",
        "isSemVerMajor": false
      }
    }
  },
  "metadata": {
    "vulnerabilities": {
      "info": 0,
      "low": 0,
      "moderate": 3,
      "high": 4,
      "critical": 0,
      "total": 7
    },
    "dependencies": {
      "prod": 86,
      "dev": 395,
      "optional": 117,
      "peer": 0,
      "peerOptional": 0,
      "total": 517
    }
  }
}
