
> focustask-lifecycle-example@0.2.0 test:e2e
> playwright test

[WebServer] (node:47528) Warning: The 'NO_COLOR' env is ignored due to the 'FORCE_COLOR' env being set.
[WebServer] (Use `node --trace-warnings ...` to show where the warning was created)

Running 54 tests using 1 worker

(node:47541) Warning: The 'NO_COLOR' env is ignored due to the 'FORCE_COLOR' env being set.
(Use `node --trace-warnings ...` to show where the warning was created)
  ✓   1 [chromium] › tests/e2e/core.spec.ts:40:1 › API-01/03/05 and AC-09/10: auth, server permissions and logout (71ms)
  ✓   2 [chromium] › tests/e2e/core.spec.ts:68:1 › AC-01/03/07: empty validation, create once and persist after refresh (873ms)
  ✓   3 [chromium] › tests/e2e/core.spec.ts:85:1 › AC-08/12: lost response retains input; retry recovers same task (533ms)
  ✓   4 [chromium] › tests/e2e/core.spec.ts:127:3 › UI states and keyboard 1440x900 (1.5s)
  ✓   5 [chromium] › tests/e2e/core.spec.ts:127:3 › UI states and keyboard 1024x768 (1.5s)
  ✓   6 [chromium] › tests/e2e/core.spec.ts:127:3 › UI states and keyboard 768x1024 (1.4s)
  ✓   7 [chromium] › tests/e2e/core.spec.ts:127:3 › UI states and keyboard 390x844 (1.5s)
  ✓   8 [chromium] › tests/e2e/core.spec.ts:127:3 › UI states and keyboard 320x844 (1.5s)
  ✓   9 [chromium] › tests/e2e/core.spec.ts:127:3 › UI states and keyboard 1920x1080 (1.5s)
  ✓  10 [chromium] › tests/e2e/core.spec.ts:243:1 › AC-02/06/11: field dates, assignee, archive during open form (524ms)
  ✓  11 [chromium] › tests/e2e/core.spec.ts:280:1 › API-02/06: origin, expired session and failed-login rate limit (259ms)
  ✓  12 [chromium] › tests/e2e/core.spec.ts:326:1 › permission removal while form is open closes it and hides project (422ms)
  ✓  13 [chromium] › tests/e2e/core.spec.ts:362:1 › 200% zoom equivalent layout and long content remain operable (524ms)
  ✓  14 [chromium] › tests/e2e/filter.spec.ts:18:3 › CF-01–07 state, URL, empty, create and race 1440 (684ms)
  ✓  15 [chromium] › tests/e2e/filter.spec.ts:18:3 › CF-01–07 state, URL, empty, create and race 1024 (645ms)
  ✓  16 [chromium] › tests/e2e/filter.spec.ts:18:3 › CF-01–07 state, URL, empty, create and race 768 (598ms)
  ✓  17 [chromium] › tests/e2e/filter.spec.ts:18:3 › CF-01–07 state, URL, empty, create and race 390 (672ms)
  ✓  18 [chromium] › tests/e2e/performance.spec.ts:9:1 › production baseline: 500 tasks, 20 members, page/API/CLS samples (36.8s)
(node:48264) Warning: The 'NO_COLOR' env is ignored due to the 'FORCE_COLOR' env being set.
(Use `node --trace-warnings ...` to show where the warning was created)
  ✓  19 [firefox] › tests/e2e/core.spec.ts:40:1 › API-01/03/05 and AC-09/10: auth, server permissions and logout (52ms)
  ✓  20 [firefox] › tests/e2e/core.spec.ts:68:1 › AC-01/03/07: empty validation, create once and persist after refresh (1.3s)
  ✓  21 [firefox] › tests/e2e/core.spec.ts:85:1 › AC-08/12: lost response retains input; retry recovers same task (642ms)
  ✓  22 [firefox] › tests/e2e/core.spec.ts:127:3 › UI states and keyboard 1440x900 (1.7s)
  ✓  23 [firefox] › tests/e2e/core.spec.ts:127:3 › UI states and keyboard 1024x768 (1.7s)
  ✓  24 [firefox] › tests/e2e/core.spec.ts:127:3 › UI states and keyboard 768x1024 (1.7s)
  ✓  25 [firefox] › tests/e2e/core.spec.ts:127:3 › UI states and keyboard 390x844 (1.9s)
  ✓  26 [firefox] › tests/e2e/core.spec.ts:127:3 › UI states and keyboard 320x844 (1.6s)
  ✓  27 [firefox] › tests/e2e/core.spec.ts:127:3 › UI states and keyboard 1920x1080 (1.7s)
  ✓  28 [firefox] › tests/e2e/core.spec.ts:243:1 › AC-02/06/11: field dates, assignee, archive during open form (616ms)
  ✓  29 [firefox] › tests/e2e/core.spec.ts:280:1 › API-02/06: origin, expired session and failed-login rate limit (264ms)
  ✓  30 [firefox] › tests/e2e/core.spec.ts:326:1 › permission removal while form is open closes it and hides project (969ms)
  ✓  31 [firefox] › tests/e2e/core.spec.ts:362:1 › 200% zoom equivalent layout and long content remain operable (617ms)
  ✓  32 [firefox] › tests/e2e/filter.spec.ts:18:3 › CF-01–07 state, URL, empty, create and race 1440 (758ms)
  ✓  33 [firefox] › tests/e2e/filter.spec.ts:18:3 › CF-01–07 state, URL, empty, create and race 1024 (722ms)
  ✓  34 [firefox] › tests/e2e/filter.spec.ts:18:3 › CF-01–07 state, URL, empty, create and race 768 (712ms)
  ✓  35 [firefox] › tests/e2e/filter.spec.ts:18:3 › CF-01–07 state, URL, empty, create and race 390 (761ms)
  -  36 [firefox] › tests/e2e/performance.spec.ts:9:1 › production baseline: 500 tasks, 20 members, page/API/CLS samples
(node:48536) Warning: The 'NO_COLOR' env is ignored due to the 'FORCE_COLOR' env being set.
(Use `node --trace-warnings ...` to show where the warning was created)
  ✓  37 [webkit] › tests/e2e/core.spec.ts:40:1 › API-01/03/05 and AC-09/10: auth, server permissions and logout (50ms)
  ✓  38 [webkit] › tests/e2e/core.spec.ts:68:1 › AC-01/03/07: empty validation, create once and persist after refresh (1.0s)
  ✓  39 [webkit] › tests/e2e/core.spec.ts:85:1 › AC-08/12: lost response retains input; retry recovers same task (585ms)
  ✓  40 [webkit] › tests/e2e/core.spec.ts:127:3 › UI states and keyboard 1440x900 (2.0s)
  ✓  41 [webkit] › tests/e2e/core.spec.ts:127:3 › UI states and keyboard 1024x768 (1.7s)
  ✓  42 [webkit] › tests/e2e/core.spec.ts:127:3 › UI states and keyboard 768x1024 (1.7s)
  ✓  43 [webkit] › tests/e2e/core.spec.ts:127:3 › UI states and keyboard 390x844 (1.5s)
  ✓  44 [webkit] › tests/e2e/core.spec.ts:127:3 › UI states and keyboard 320x844 (1.5s)
  ✓  45 [webkit] › tests/e2e/core.spec.ts:127:3 › UI states and keyboard 1920x1080 (2.2s)
  ✓  46 [webkit] › tests/e2e/core.spec.ts:243:1 › AC-02/06/11: field dates, assignee, archive during open form (589ms)
  ✓  47 [webkit] › tests/e2e/core.spec.ts:280:1 › API-02/06: origin, expired session and failed-login rate limit (294ms)
  ✓  48 [webkit] › tests/e2e/core.spec.ts:326:1 › permission removal while form is open closes it and hides project (495ms)
  ✓  49 [webkit] › tests/e2e/core.spec.ts:362:1 › 200% zoom equivalent layout and long content remain operable (591ms)
  ✓  50 [webkit] › tests/e2e/filter.spec.ts:18:3 › CF-01–07 state, URL, empty, create and race 1440 (869ms)
  ✓  51 [webkit] › tests/e2e/filter.spec.ts:18:3 › CF-01–07 state, URL, empty, create and race 1024 (745ms)
  ✓  52 [webkit] › tests/e2e/filter.spec.ts:18:3 › CF-01–07 state, URL, empty, create and race 768 (725ms)
  ✓  53 [webkit] › tests/e2e/filter.spec.ts:18:3 › CF-01–07 state, URL, empty, create and race 390 (679ms)
  -  54 [webkit] › tests/e2e/performance.spec.ts:9:1 › production baseline: 500 tasks, 20 members, page/API/CLS samples

  2 skipped
  52 passed (1.5m)
