
> focustask-lifecycle-example@0.1.0 test:e2e
> playwright test

[WebServer] (node:61330) Warning: The 'NO_COLOR' env is ignored due to the 'FORCE_COLOR' env being set.
[WebServer] (Use `node --trace-warnings ...` to show where the warning was created)

Running 39 tests using 1 worker

(node:61343) Warning: The 'NO_COLOR' env is ignored due to the 'FORCE_COLOR' env being set.
(Use `node --trace-warnings ...` to show where the warning was created)
  ✓   1 [chromium] › tests/e2e/core.spec.ts:19:1 › API-01/03/05 and AC-09/10: auth, server permissions and logout (65ms)
  ✓   2 [chromium] › tests/e2e/core.spec.ts:30:1 › AC-01/03/07: empty validation, create once and persist after refresh (779ms)
  ✓   3 [chromium] › tests/e2e/core.spec.ts:38:1 › AC-08/12: lost response retains input; retry recovers same task (531ms)
  ✓   4 [chromium] › tests/e2e/core.spec.ts:53:3 › UI states and keyboard 1440x900 (1.5s)
  ✓   5 [chromium] › tests/e2e/core.spec.ts:53:3 › UI states and keyboard 1024x768 (1.4s)
  ✓   6 [chromium] › tests/e2e/core.spec.ts:53:3 › UI states and keyboard 768x1024 (1.4s)
  ✓   7 [chromium] › tests/e2e/core.spec.ts:53:3 › UI states and keyboard 390x844 (1.4s)
  ✓   8 [chromium] › tests/e2e/core.spec.ts:53:3 › UI states and keyboard 320x844 (1.5s)
  ✓   9 [chromium] › tests/e2e/core.spec.ts:53:3 › UI states and keyboard 1920x1080 (1.5s)
  ✓  10 [chromium] › tests/e2e/core.spec.ts:83:1 › AC-02/06/11: field dates, assignee, archive during open form (559ms)
  ✓  11 [chromium] › tests/e2e/core.spec.ts:98:1 › API-02/06: origin, expired session and failed-login rate limit (281ms)
  ✓  12 [chromium] › tests/e2e/core.spec.ts:108:1 › permission removal while form is open closes it and hides project (421ms)
  ✓  13 [chromium] › tests/e2e/core.spec.ts:120:1 › 200% zoom equivalent layout and long content remain operable (504ms)
(node:61555) Warning: The 'NO_COLOR' env is ignored due to the 'FORCE_COLOR' env being set.
(Use `node --trace-warnings ...` to show where the warning was created)
  ✓  14 [firefox] › tests/e2e/core.spec.ts:19:1 › API-01/03/05 and AC-09/10: auth, server permissions and logout (64ms)
  ✓  15 [firefox] › tests/e2e/core.spec.ts:30:1 › AC-01/03/07: empty validation, create once and persist after refresh (1.4s)
  ✓  16 [firefox] › tests/e2e/core.spec.ts:38:1 › AC-08/12: lost response retains input; retry recovers same task (682ms)
  ✓  17 [firefox] › tests/e2e/core.spec.ts:53:3 › UI states and keyboard 1440x900 (1.6s)
  ✓  18 [firefox] › tests/e2e/core.spec.ts:53:3 › UI states and keyboard 1024x768 (1.6s)
  ✓  19 [firefox] › tests/e2e/core.spec.ts:53:3 › UI states and keyboard 768x1024 (1.7s)
  ✓  20 [firefox] › tests/e2e/core.spec.ts:53:3 › UI states and keyboard 390x844 (1.9s)
  ✓  21 [firefox] › tests/e2e/core.spec.ts:53:3 › UI states and keyboard 320x844 (1.7s)
  ✓  22 [firefox] › tests/e2e/core.spec.ts:53:3 › UI states and keyboard 1920x1080 (2.0s)
  ✓  23 [firefox] › tests/e2e/core.spec.ts:83:1 › AC-02/06/11: field dates, assignee, archive during open form (669ms)
  ✓  24 [firefox] › tests/e2e/core.spec.ts:98:1 › API-02/06: origin, expired session and failed-login rate limit (287ms)
  ✓  25 [firefox] › tests/e2e/core.spec.ts:108:1 › permission removal while form is open closes it and hides project (842ms)
  ✓  26 [firefox] › tests/e2e/core.spec.ts:120:1 › 200% zoom equivalent layout and long content remain operable (673ms)
(node:61835) Warning: The 'NO_COLOR' env is ignored due to the 'FORCE_COLOR' env being set.
(Use `node --trace-warnings ...` to show where the warning was created)
  ✓  27 [webkit] › tests/e2e/core.spec.ts:19:1 › API-01/03/05 and AC-09/10: auth, server permissions and logout (54ms)
  ✓  28 [webkit] › tests/e2e/core.spec.ts:30:1 › AC-01/03/07: empty validation, create once and persist after refresh (2.4s)
  ✓  29 [webkit] › tests/e2e/core.spec.ts:38:1 › AC-08/12: lost response retains input; retry recovers same task (619ms)
  ✓  30 [webkit] › tests/e2e/core.spec.ts:53:3 › UI states and keyboard 1440x900 (2.2s)
  ✓  31 [webkit] › tests/e2e/core.spec.ts:53:3 › UI states and keyboard 1024x768 (1.5s)
  ✓  32 [webkit] › tests/e2e/core.spec.ts:53:3 › UI states and keyboard 768x1024 (1.5s)
  ✓  33 [webkit] › tests/e2e/core.spec.ts:53:3 › UI states and keyboard 390x844 (1.4s)
  ✓  34 [webkit] › tests/e2e/core.spec.ts:53:3 › UI states and keyboard 320x844 (1.4s)
  ✓  35 [webkit] › tests/e2e/core.spec.ts:53:3 › UI states and keyboard 1920x1080 (2.0s)
  ✓  36 [webkit] › tests/e2e/core.spec.ts:83:1 › AC-02/06/11: field dates, assignee, archive during open form (634ms)
  ✓  37 [webkit] › tests/e2e/core.spec.ts:98:1 › API-02/06: origin, expired session and failed-login rate limit (270ms)
  ✓  38 [webkit] › tests/e2e/core.spec.ts:108:1 › permission removal while form is open closes it and hides project (491ms)
  ✓  39 [webkit] › tests/e2e/core.spec.ts:120:1 › 200% zoom equivalent layout and long content remain operable (520ms)

  39 passed (52.6s)
