npm warn audit 404 Not Found - POST https://registry.npmmirror.com/-/npm/v1/security/advisories/bulk - [NOT_IMPLEMENTED] /-/npm/v1/security/* not implemented yet
npm error audit endpoint returned an error
{
  "message": "404 Not Found - POST https://registry.npmmirror.com/-/npm/v1/security/advisories/bulk - [NOT_IMPLEMENTED] /-/npm/v1/security/* not implemented yet",
  "method": "POST",
  "uri": "https://registry.npmmirror.com/-/npm/v1/security/advisories/bulk",
  "headers": {
    "server": [
      "Tengine"
    ],
    "date": [
      "Sat, 19 Sep 2026 01:03:17 GMT"
    ],
    "content-type": [
      "application/json"
    ],
    "transfer-encoding": [
      "chunked"
    ],
    "connection": [
      "keep-alive"
    ],
    "strict-transport-security": [
      "max-age=5184000"
    ],
    "via": [
      "kunlun8.cn9174[,404666]"
    ],
    "timing-allow-origin": [
      "*"
    ],
    "eagleid": [
      "8cf9916c17897797977023721e"
    ],
    "x-fetch-attempts": [
      "1"
    ]
  },
  "statusCode": 404,
  "body": {
    "error": "[NOT_IMPLEMENTED] /-/npm/v1/security/* not implemented yet"
  },
  "error": {
    "summary": "",
    "detail": ""
  }
}
npm error A complete log of this run can be found in: /Users/chenzhenyang/.npm/_logs/2026-09-19T01_03_17_360Z-debug-0.log
