 ⚠ Warning: Next.js inferred your workspace root, but it may not be correct.
 We detected multiple lockfiles and selected the directory of /Users/chenzhenyang/Codes/AI-Driven Software Engineering/examples/focustask/app/package-lock.json as the root directory.
 To silence this warning, set `outputFileTracingRoot` in your Next.js config, or consider removing one of the lockfiles if it's not needed.
   See https://nextjs.org/docs/app/api-reference/config/next-config-js/output#caveats for more information.
 Detected additional lockfiles: 
   * /Users/chenzhenyang/Codes/AI-Driven Software Engineering/examples/focustask/app/.runtime/permission-drill/package-lock.json

   ▲ Next.js 15.5.25

   Creating an optimized production build ...
 ✓ Compiled successfully in 901ms
   Linting and checking validity of types ...

./src/features/tasks.tsx
98:18  Warning: The ref value 'latestLoad.current' will likely have changed by the time this effect cleanup function runs. If this ref points to a node rendered by React, copy 'latestLoad.current' to a variable inside the effect, and use that variable in the cleanup function.  react-hooks/exhaustive-deps

info  - Need to disable some ESLint rules? Learn more here: https://nextjs.org/docs/app/api-reference/config/eslint#disabling-rules
   Collecting page data ...
   Generating static pages (0/6) ...
   Generating static pages (1/6) 
   Generating static pages (2/6) 
   Generating static pages (4/6) 
 ✓ Generating static pages (6/6)
   Finalizing page optimization ...
   Collecting build traces ...

Route (app)                                 Size  First Load JS
┌ ○ /                                      126 B         103 kB
├ ○ /_not-found                            988 B         104 kB
├ ƒ /api/v1/[...segments]                  126 B         103 kB
├ ○ /login                                4.1 kB         107 kB
├ ○ /projects                            2.67 kB         110 kB
└ ƒ /projects/[id]/tasks                 18.7 kB         126 kB
+ First Load JS shared by all             103 kB
  ├ chunks/18-2c82660ce7c4918d.js        46.4 kB
  ├ chunks/87c73c54-24122e7b92478d00.js  54.2 kB
  └ other shared chunks (total)          1.94 kB


○  (Static)   prerendered as static content
ƒ  (Dynamic)  server-rendered on demand

